Archive member included to satisfy reference by file (symbol)

C:/PROGRA~2/ARMGNU~1/14EFD8~1.2RE/bin/../lib/gcc/arm-none-eabi/14.2.1/thumb/v8-m.main+fp/softfp\libm.a(libm_a-wf_sqrt.o)
                              CMakeFiles/HW3.dir/C_/Users/Shree/pico-sdk/src/rp2_common/pico_float/float_math.c.obj (sqrtf)
C:/PROGRA~2/ARMGNU~1/14EFD8~1.2RE/bin/../lib/gcc/arm-none-eabi/14.2.1/thumb/v8-m.main+fp/softfp\libm.a(libm_a-ef_sqrt.o)
                              C:/PROGRA~2/ARMGNU~1/14EFD8~1.2RE/bin/../lib/gcc/arm-none-eabi/14.2.1/thumb/v8-m.main+fp/softfp\libm.a(libm_a-wf_sqrt.o) (__ieee754_sqrtf)
C:/PROGRA~2/ARMGNU~1/14EFD8~1.2RE/bin/../lib/gcc/arm-none-eabi/14.2.1/thumb/v8-m.main+fp/softfp\libgcc.a(_arm_addsubdf3.o)
                              CMakeFiles/HW3.dir/C_/Users/Shree/pico-sdk/src/rp2_common/pico_float/float_math.c.obj (__aeabi_f2d)
C:/PROGRA~2/ARMGNU~1/14EFD8~1.2RE/bin/../lib/gcc/arm-none-eabi/14.2.1/thumb/v8-m.main+fp/softfp\libgcc.a(_aeabi_ldivmod.o)
                              CMakeFiles/HW3.dir/C_/Users/Shree/pico-sdk/src/common/pico_time/time.c.obj (__aeabi_ldivmod)
C:/PROGRA~2/ARMGNU~1/14EFD8~1.2RE/bin/../lib/gcc/arm-none-eabi/14.2.1/thumb/v8-m.main+fp/softfp\libgcc.a(_aeabi_uldivmod.o)
                              CMakeFiles/HW3.dir/C_/Users/Shree/pico-sdk/src/rp2_common/hardware_clocks/clocks.c.obj (__aeabi_uldivmod)
C:/PROGRA~2/ARMGNU~1/14EFD8~1.2RE/bin/../lib/gcc/arm-none-eabi/14.2.1/thumb/v8-m.main+fp/softfp\libgcc.a(_udivmoddi4.o)
                              C:/PROGRA~2/ARMGNU~1/14EFD8~1.2RE/bin/../lib/gcc/arm-none-eabi/14.2.1/thumb/v8-m.main+fp/softfp\libgcc.a(_aeabi_ldivmod.o) (__udivmoddi4)
C:/PROGRA~2/ARMGNU~1/14EFD8~1.2RE/bin/../lib/gcc/arm-none-eabi/14.2.1/thumb/v8-m.main+fp/softfp\libgcc.a(_dvmd_tls.o)
                              C:/PROGRA~2/ARMGNU~1/14EFD8~1.2RE/bin/../lib/gcc/arm-none-eabi/14.2.1/thumb/v8-m.main+fp/softfp\libgcc.a(_aeabi_ldivmod.o) (__aeabi_ldiv0)
C:/PROGRA~2/ARMGNU~1/14EFD8~1.2RE/bin/../lib/gcc/arm-none-eabi/14.2.1/thumb/v8-m.main+fp/softfp\libg.a(libc_a-calloc.o)
                              CMakeFiles/HW3.dir/C_/Users/Shree/pico-sdk/src/rp2_common/pico_malloc/malloc.c.obj (calloc)
C:/PROGRA~2/ARMGNU~1/14EFD8~1.2RE/bin/../lib/gcc/arm-none-eabi/14.2.1/thumb/v8-m.main+fp/softfp\libg.a(libc_a-callocr.o)
                              C:/PROGRA~2/ARMGNU~1/14EFD8~1.2RE/bin/../lib/gcc/arm-none-eabi/14.2.1/thumb/v8-m.main+fp/softfp\libg.a(libc_a-calloc.o) (_calloc_r)
C:/PROGRA~2/ARMGNU~1/14EFD8~1.2RE/bin/../lib/gcc/arm-none-eabi/14.2.1/thumb/v8-m.main+fp/softfp\libg.a(libc_a-malloc.o)
                              CMakeFiles/HW3.dir/C_/Users/Shree/pico-sdk/src/rp2_common/pico_malloc/malloc.c.obj (malloc)
C:/PROGRA~2/ARMGNU~1/14EFD8~1.2RE/bin/../lib/gcc/arm-none-eabi/14.2.1/thumb/v8-m.main+fp/softfp\libg.a(libc_a-mallocr.o)
                              C:/PROGRA~2/ARMGNU~1/14EFD8~1.2RE/bin/../lib/gcc/arm-none-eabi/14.2.1/thumb/v8-m.main+fp/softfp\libg.a(libc_a-callocr.o) (_malloc_r)
C:/PROGRA~2/ARMGNU~1/14EFD8~1.2RE/bin/../lib/gcc/arm-none-eabi/14.2.1/thumb/v8-m.main+fp/softfp\libg.a(libc_a-mlock.o)
                              C:/PROGRA~2/ARMGNU~1/14EFD8~1.2RE/bin/../lib/gcc/arm-none-eabi/14.2.1/thumb/v8-m.main+fp/softfp\libg.a(libc_a-mallocr.o) (__malloc_lock)
C:/PROGRA~2/ARMGNU~1/14EFD8~1.2RE/bin/../lib/gcc/arm-none-eabi/14.2.1/thumb/v8-m.main+fp/softfp\libg.a(libc_a-realloc.o)
                              CMakeFiles/HW3.dir/C_/Users/Shree/pico-sdk/src/rp2_common/pico_malloc/malloc.c.obj (realloc)
C:/PROGRA~2/ARMGNU~1/14EFD8~1.2RE/bin/../lib/gcc/arm-none-eabi/14.2.1/thumb/v8-m.main+fp/softfp\libg.a(libc_a-reallocr.o)
                              C:/PROGRA~2/ARMGNU~1/14EFD8~1.2RE/bin/../lib/gcc/arm-none-eabi/14.2.1/thumb/v8-m.main+fp/softfp\libg.a(libc_a-realloc.o) (_realloc_r)
C:/PROGRA~2/ARMGNU~1/14EFD8~1.2RE/bin/../lib/gcc/arm-none-eabi/14.2.1/thumb/v8-m.main+fp/softfp\libg.a(libc_a-memcmp.o)
                              CMakeFiles/HW3.dir/C_/Users/Shree/pico-sdk/src/rp2_common/pico_atomic/atomic.c.obj (memcmp)
C:/PROGRA~2/ARMGNU~1/14EFD8~1.2RE/bin/../lib/gcc/arm-none-eabi/14.2.1/thumb/v8-m.main+fp/softfp\libg.a(libc_a-memmove.o)
                              C:/PROGRA~2/ARMGNU~1/14EFD8~1.2RE/bin/../lib/gcc/arm-none-eabi/14.2.1/thumb/v8-m.main+fp/softfp\libg.a(libc_a-reallocr.o) (memmove)
C:/PROGRA~2/ARMGNU~1/14EFD8~1.2RE/bin/../lib/gcc/arm-none-eabi/14.2.1/thumb/v8-m.main+fp/softfp\libg.a(libc_a-memset.o)
                              C:/PROGRA~2/ARMGNU~1/14EFD8~1.2RE/bin/../lib/gcc/arm-none-eabi/14.2.1/thumb/v8-m.main+fp/softfp/crt0.o (memset)
C:/PROGRA~2/ARMGNU~1/14EFD8~1.2RE/bin/../lib/gcc/arm-none-eabi/14.2.1/thumb/v8-m.main+fp/softfp\libg.a(libc_a-lcltime_r.o)
                              CMakeFiles/HW3.dir/C_/Users/Shree/pico-sdk/src/common/pico_util/datetime.c.obj (localtime_r)
C:/PROGRA~2/ARMGNU~1/14EFD8~1.2RE/bin/../lib/gcc/arm-none-eabi/14.2.1/thumb/v8-m.main+fp/softfp\libg.a(libc_a-mktime.o)
[...]
Memory Configuration

Name             Origin             Length             Attributes
FLASH            0x10000000         0x00400000         xr
RAM              0x20000000         0x00080000         xrw
SCRATCH_X        0x20080000         0x00001000         xrw
SCRATCH_Y        0x20081000         0x00001000         xrw
*default*        0x00000000         0xffffffff

Linker script and memory map

LOAD C:/PROGRA~2/ARMGNU~1/14EFD8~1.2RE/bin/../lib/gcc/arm-none-eabi/14.2.1/thumb/v8-m.main+fp/softfp/crti.o
LOAD C:/PROGRA~2/ARMGNU~1/14EFD8~1.2RE/bin/../lib/gcc/arm-none-eabi/14.2.1/thumb/v8-m.main+fp/softfp/crtbegin.o
LOAD C:/PROGRA~2/ARMGNU~1/14EFD8~1.2RE/bin/../lib/gcc/arm-none-eabi/14.2.1/thumb/v8-m.main+fp/softfp/crt0.o

.flash_begin    0x10000000        0x0
                0x10000000                        __flash_binary_start = .

.text           0x10000000     0x1de4
                0x10000000                        __logical_binary_start = .
 *(.vectors)
 .vectors       0x10000000      0x124 CMakeFiles/HW3.dir/C_/Users/Shree/pico-sdk/src/rp2_common/pico_crt0/crt0.S.obj
                0x10000000                __VECTOR_TABLE
                0x10000000                __vectors
                0x10000110                __default_isrs_start
                0x10000110                isr_invalid
                0x10000112                isr_nmi
                0x10000114                isr_hardfault
                0x10000116                isr_svcall
                0x10000118                isr_pendsv
                0x1000011a                isr_systick
                0x1000011c                isr_irq31
                0x1000011c                isr_irq5
                0x1000011c                isr_irq11
                0x1000011c                isr_irq32
                0x1000011c                isr_irq23
                0x1000011c                isr_irq48
                0x1000011c                isr_irq35
                0x1000011c                isr_irq18
                0x1000011c                isr_irq50
                0x1000011c                isr_irq27
                0x1000011c                isr_irq40
                0x1000011c                isr_irq28
                0x1000011c                isr_irq19
                0x1000011c                isr_irq36
                0x1000011c                isr_irq41
                0x1000011c                isr_irq0
                0x1000011c                isr_irq6
                0x1000011c                isr_irq45
                0x1000011c                isr_irq12
                0x1000011c                isr_irq37
                0x1000011c                isr_irq42
                0x1000011c                isr_irq22
                0x1000011c                isr_irq43
                0x1000011c                isr_irq17
                0x1000011c                isr_irq38
                0x1000011c                isr_irq14
                0x1000011c                isr_irq13
                0x1000011c                isr_irq2
                0x1000011c                isr_irq10
                0x1000011c                isr_irq8
                0x1000011c                isr_irq24
                0x1000011c                isr_irq46
                0x1000011c                isr_irq1
                0x1000011c                isr_irq47
                0x1000011c                isr_irq51
                0x1000011c                isr_irq7
                0x1000011c                isr_irq21
                0x1000011c                isr_irq39
                0x1000011c                isr_irq20
                0x1000011c                isr_irq15
                0x1000011c                isr_irq25
                0x1000011c                isr_irq34
                0x1000011c                isr_irq49
                0x1000011c                __unhandled_user_irq
                0x1000011c                isr_irq4
                0x1000011c                isr_irq16
                0x1000011c                isr_irq44
                0x1000011c                isr_irq29
                0x1000011c                isr_irq26
                0x1000011c                __default_isrs_end
                0x1000011c                isr_irq33
                0x1000011c                isr_irq3
                0x1000011c                isr_irq30
                0x1000011c                isr_irq9
                0x10000122                unhandled_user_irq_num_in_r0
 *(.binary_info_header)
 .binary_info_header
                0x10000124       0x14 CMakeFiles/HW3.dir/C_/Users/Shree/pico-sdk/src/rp2_common/pico_crt0/crt0.S.obj
                0x10000138                        __binary_info_header_end = .
 *(.embedded_block)
 .embedded_block
                0x10000138       0x14 CMakeFiles/HW3.dir/C_/Users/Shree/pico-sdk/src/rp2_common/pico_crt0/crt0.S.obj
                0x1000014c                        __embedded_block_end = .
 *(.reset)
 .reset         0x1000014c       0xa0 CMakeFiles/HW3.dir/C_/Users/Shree/pico-sdk/src/rp2_common/pico_crt0/crt0.S.obj
                0x1000014c                _entry_point
 *(.init)
 .init          0x100001ec        0x4 C:/PROGRA~2/ARMGNU~1/14EFD8~1.2RE/bin/../lib/gcc/arm-none-eabi/14.2.1/thumb/v8-m.main+fp/softfp/crti.o
                0x100001ec                _init
 *libgcc.a:cmse_nonsecure_call.o()
 *(EXCLUDE_FILE(*libm.a: *libc.a:*lib_a-mem*.o *libgcc.a:) .text*)
 .text.register_tm_clones
                0x100001f0       0x28 C:/PROGRA~2/ARMGNU~1/14EFD8~1.2RE/bin/../lib/gcc/arm-none-eabi/14.2.1/thumb/v8-m.main+fp/softfp/crtbegin.o
 .text.frame_dummy
                0x10000218       0x24 C:/PROGRA~2/ARMGNU~1/14EFD8~1.2RE/bin/../lib/gcc/arm-none-eabi/14.2.1/thumb/v8-m.main+fp/softfp/crtbegin.o
 .text.startup.main
                0x1000023c       0xe0 CMakeFiles/HW3.dir/main.c.obj
                0x1000023c                main
 .text.gpio_set_function
                0x1000031c       0x3c CMakeFiles/HW3.dir/C_/Users/Shree/pico-sdk/src/rp2_common/hardware_gpio/gpio.c.obj
                0x1000031c                gpio_set_function
 .text.gpio_set_pulls
                0x10000358       0x28 CMakeFiles/HW3.dir/C_/Users/Shree/pico-sdk/src/rp2_common/hardware_gpio/gpio.c.obj
                0x10000358                gpio_set_pulls
 .text.gpio_init
                0x10000380       0x48 CMakeFiles/HW3.dir/C_/Users/Shree/pico-sdk/src/rp2_common/hardware_gpio/gpio.c.obj
                0x10000380                gpio_init
 .text.panic    0x100003c8       0x30 CMakeFiles/HW3.dir/C_/Users/Shree/pico-sdk/src/rp2_common/pico_platform_panic/panic.c.obj
                0x100003c8                panic
 .text.hw_claim_or_assert
                0x100003f8       0x58 CMakeFiles/HW3.dir/C_/Users/Shree/pico-sdk/src/common/hardware_claim/claim.c.obj
                0x100003f8                hw_claim_or_assert
 .text.next_striped_spin_lock_num
                0x10000450       0x18 CMakeFiles/HW3.dir/C_/Users/Shree/pico-sdk/src/rp2_common/hardware_sync/sync.c.obj
                0x10000450                next_striped_spin_lock_num
 .text.spinlock_set_extexclall
                0x10000468       0x10 CMakeFiles/HW3.dir/C_/Users/Shree/pico-sdk/src/rp2_common/hardware_sync_spin_lock/sync_spin_lock.c.obj
 .text.spin_locks_reset
                0x10000478       0x18 CMakeFiles/HW3.dir/C_/Users/Shree/pico-sdk/src/rp2_common/hardware_sync_spin_lock/sync_spin_lock.c.obj
                0x10000478                spin_locks_reset
 .text.runtime_init_per_core_irq_priorities
                0x10000490       0x40 CMakeFiles/HW3.dir/C_/Users/Shree/pico-sdk/src/rp2_common/hardware_irq/irq.c.obj
                0x10000490                runtime_init_per_core_irq_priorities
 .text.irq_set_enabled
                0x100004d0       0x2c CMakeFiles/HW3.dir/C_/Users/Shree/pico-sdk/src/rp2_common/hardware_irq/irq.c.obj
                0x100004d0                irq_set_enabled
 .text.irq_set_exclusive_handler
                0x100004fc       0x60 CMakeFiles/HW3.dir/C_/Users/Shree/pico-sdk/src/rp2_common/hardware_irq/irq.c.obj
                0x100004fc                irq_set_exclusive_handler
 .text.irq_remove_handler
                0x1000055c      0x1f4 CMakeFiles/HW3.dir/C_/Users/Shree/pico-sdk/src/rp2_common/hardware_irq/irq.c.obj
                0x1000055c                irq_remove_handler
 .text.irq_add_tail_to_free_list
                0x10000750       0xbc CMakeFiles/HW3.dir/C_/Users/Shree/pico-sdk/src/rp2_common/hardware_irq/irq.c.obj
                0x10000750                irq_add_tail_to_free_list
 .text.lock_init
                0x1000080c        0xc CMakeFiles/HW3.dir/C_/Users/Shree/pico-sdk/src/common/pico_sync/lock_core.c.obj
                0x1000080c                lock_init
 .text.runtime_init_mutex
                0x10000818       0x4c CMakeFiles/HW3.dir/C_/Users/Shree/pico-sdk/src/common/pico_sync/mutex.c.obj
                0x10000818                runtime_init_mutex
 .text.sleep_until_callback
                0x10000864       0x3c CMakeFiles/HW3.dir/C_/Users/Shree/pico-sdk/src/common/pico_time/time.c.obj
 .text.alarm_pool_irq_handler
                0x100008a0      0x2f0 CMakeFiles/HW3.dir/C_/Users/Shree/pico-sdk/src/common/pico_time/time.c.obj
 .text.runtime_init_default_alarm_pool
                0x10000b90      0x100 CMakeFiles/HW3.dir/C_/Users/Shree/pico-sdk/src/common/pico_time/time.c.obj
                0x10000b90                runtime_init_default_alarm_pool
 .text.alarm_pool_add_alarm_at_force_in_context
                0x10000c90       0xc8 CMakeFiles/HW3.dir/C_/Users/Shree/pico-sdk/src/common/pico_time/time.c.obj
                0x10000c90                alarm_pool_add_alarm_at_force_in_context
 .text.alarm_pool_cancel_alarm
                0x10000d58       0x80 CMakeFiles/HW3.dir/C_/Users/Shree/pico-sdk/src/common/pico_time/time.c.obj
                0x10000d58                alarm_pool_cancel_alarm
 .text.sleep_ms
                0x10000dd8       0xdc CMakeFiles/HW3.dir/C_/Users/Shree/pico-sdk/src/common/pico_time/time.c.obj
                0x10000dd8                sleep_ms
 .text.best_effort_wfe_or_timeout
                0x10000eb4       0xd4 CMakeFiles/HW3.dir/C_/Users/Shree/pico-sdk/src/common/pico_time/time.c.obj
                0x10000eb4                best_effort_wfe_or_timeout
 .text.timer_hardware_alarm_claim
                0x10000f88       0x24 CMakeFiles/HW3.dir/C_/Users/Shree/pico-sdk/src/rp2_common/hardware_timer/timer.c.obj
                0x10000f88                timer_hardware_alarm_claim
 .text.timer_time_us_64
                0x10000fac       0x10 CMakeFiles/HW3.dir/C_/Users/Shree/pico-sdk/src/rp2_common/hardware_timer/timer.c.obj
                0x10000fac                timer_time_us_64
 .text.time_us_64
                0x10000fbc       0x14 CMakeFiles/HW3.dir/C_/Users/Shree/pico-sdk/src/rp2_common/hardware_timer/timer.c.obj
                0x10000fbc                time_us_64
 .text.busy_wait_us
                0x10000fd0       0x5c CMakeFiles/HW3.dir/C_/Users/Shree/pico-sdk/src/rp2_common/hardware_timer/timer.c.obj
                0x10000fd0                busy_wait_us
 .text.busy_wait_until
                0x1000102c       0x24 CMakeFiles/HW3.dir/C_/Users/Shree/pico-sdk/src/rp2_common/hardware_timer/timer.c.obj
                0x1000102c                busy_wait_until
 .text.uart_init
                0x10001050      0x104 CMakeFiles/HW3.dir/C_/Users/Shree/pico-sdk/src/rp2_common/hardware_uart/uart.c.obj
                0x10001050                uart_init
 .text.clock_configure_undivided
                0x10001154       0xd0 CMakeFiles/HW3.dir/C_/Users/Shree/pico-sdk/src/rp2_common/hardware_clocks/clocks.c.obj
                0x10001154                clock_configure_undivided
 .text.clock_get_hz
                0x10001224        0xc CMakeFiles/HW3.dir/C_/Users/Shree/pico-sdk/src/rp2_common/hardware_clocks/clocks.c.obj
                0x10001224                clock_get_hz
 .text.pll_init
                0x10001230       0x8c CMakeFiles/HW3.dir/C_/Users/Shree/pico-sdk/src/rp2_common/hardware_pll/pll.c.obj
                0x10001230                pll_init
 .text.tick_start
                0x100012bc       0x18 CMakeFiles/HW3.dir/C_/Users/Shree/pico-sdk/src/rp2_common/hardware_ticks/ticks.c.obj
                0x100012bc                tick_start
 .text.rom_func_lookup
                0x100012d4       0x18 CMakeFiles/HW3.dir/C_/Users/Shree/pico-sdk/src/rp2_common/pico_bootrom/bootrom.c.obj
                0x100012d4                rom_func_lookup
 .text.runtime_init_bootrom_locking_enable
                0x100012ec       0x14 CMakeFiles/HW3.dir/C_/Users/Shree/pico-sdk/src/rp2_common/pico_bootrom/bootrom_lock.c.obj
                0x100012ec                runtime_init_bootrom_locking_enable
 .text.runtime_init_boot_locks_reset
                0x10001300       0x1c CMakeFiles/HW3.dir/C_/Users/Shree/pico-sdk/src/rp2_common/hardware_boot_lock/boot_lock.c.obj
                0x10001300                runtime_init_boot_locks_reset
 .text.xosc_init
                0x1000131c       0x30 CMakeFiles/HW3.dir/C_/Users/Shree/pico-sdk/src/rp2_common/hardware_xosc/xosc.c.obj
                0x1000131c                xosc_init
 .text.first_per_core_initializer
                0x1000134c        0x4 CMakeFiles/HW3.dir/C_/Users/Shree/pico-sdk/src/rp2_common/pico_runtime/runtime.c.obj
 .text.hard_assertion_failure
                0x10001350        0xc CMakeFiles/HW3.dir/C_/Users/Shree/pico-sdk/src/rp2_common/pico_runtime/runtime.c.obj
                0x10001350                hard_assertion_failure
 .text.runtime_run_initializers
                0x1000135c       0x20 CMakeFiles/HW3.dir/C_/Users/Shree/pico-sdk/src/rp2_common/pico_runtime/runtime.c.obj
                0x1000135c                runtime_run_initializers
 .text.runtime_init_early_resets
                0x1000137c       0x34 CMakeFiles/HW3.dir/C_/Users/Shree/pico-sdk/src/rp2_common/pico_runtime_init/runtime_init.c.obj
                0x1000137c                runtime_init_early_resets
 .text.runtime_init_usb_power_down
                0x100013b0       0x1c CMakeFiles/HW3.dir/C_/Users/Shree/pico-sdk/src/rp2_common/pico_runtime_init/runtime_init.c.obj
                0x100013b0                runtime_init_usb_power_down
 .text.runtime_init_per_core_enable_coprocessors
                0x100013cc       0x1c CMakeFiles/HW3.dir/C_/Users/Shree/pico-sdk/src/rp2_common/pico_runtime_init/runtime_init.c.obj
                0x100013cc                runtime_init_per_core_enable_coprocessors
 .text.runtime_init_post_clock_resets
                0x100013e8       0x20 CMakeFiles/HW3.dir/C_/Users/Shree/pico-sdk/src/rp2_common/pico_runtime_init/runtime_init.c.obj
                0x100013e8                runtime_init_post_clock_resets
 .text.runtime_init_bootrom_reset
                0x10001408       0x14 CMakeFiles/HW3.dir/C_/Users/Shree/pico-sdk/src/rp2_common/pico_runtime_init/runtime_init.c.obj
                0x10001408                runtime_init_bootrom_reset
 .text.runtime_init_per_core_bootrom_reset
                0x1000141c       0x14 CMakeFiles/HW3.dir/C_/Users/Shree/pico-sdk/src/rp2_common/pico_runtime_init/runtime_init.c.obj
                0x1000141c                runtime_init_per_core_bootrom_reset
 .text.runtime_init_spin_locks_reset
                0x10001430        0x4 CMakeFiles/HW3.dir/C_/Users/Shree/pico-sdk/src/rp2_common/pico_runtime_init/runtime_init.c.obj
                0x10001430                runtime_init_spin_locks_reset
 .text.runtime_init_install_ram_vector_table
                0x10001434       0x20 CMakeFiles/HW3.dir/C_/Users/Shree/pico-sdk/src/rp2_common/pico_runtime_init/runtime_init.c.obj
                0x10001434                runtime_init_install_ram_vector_table
 .text.runtime_init_clocks
                0x10001454       0xdc CMakeFiles/HW3.dir/C_/Users/Shree/pico-sdk/src/rp2_common/pico_runtime_init/runtime_init_clocks.c.obj
                0x10001454                runtime_init_clocks
 .text._out_char
                0x10001530        0x8 CMakeFiles/HW3.dir/C_/Users/Shree/pico-sdk/src/rp2_common/pico_printf/printf.c.obj
 .text.weak_raw_vprintf
                0x10001538       0x30 CMakeFiles/HW3.dir/C_/Users/Shree/pico-sdk/src/rp2_common/pico_printf/printf.c.obj
                0x10001538                weak_raw_vprintf
 .text._exit    0x10001568        0x4 CMakeFiles/HW3.dir/C_/Users/Shree/pico-sdk/src/rp2_common/pico_clib_interface/newlib_interface.c.obj
                0x10001568                _exit
 .text.exit     0x1000156c        0x8 CMakeFiles/HW3.dir/C_/Users/Shree/pico-sdk/src/rp2_common/pico_clib_interface/newlib_interface.c.obj
                0x1000156c                exit
 .text.runtime_init
                0x10001574       0x24 CMakeFiles/HW3.dir/C_/Users/Shree/pico-sdk/src/rp2_common/pico_clib_interface/newlib_interface.c.obj
                0x10001574                runtime_init
 .text.stdio_out_chars_no_crlf
                0x10001598        0x8 CMakeFiles/HW3.dir/C_/Users/Shree/pico-sdk/src/rp2_common/pico_stdio/stdio.c.obj
 .text.stdio_out_chars_crlf
                0x100015a0       0xb0 CMakeFiles/HW3.dir/C_/Users/Shree/pico-sdk/src/rp2_common/pico_stdio/stdio.c.obj
 .text.stdio_put_string
                0x10001650       0xec CMakeFiles/HW3.dir/C_/Users/Shree/pico-sdk/src/rp2_common/pico_stdio/stdio.c.obj
                0x10001650                stdio_put_string
 .text.stdio_set_driver_enabled
                0x1000173c       0x28 CMakeFiles/HW3.dir/C_/Users/Shree/pico-sdk/src/rp2_common/pico_stdio/stdio.c.obj
                0x1000173c                stdio_set_driver_enabled
 .text.stdio_init_all
                0x10001764        0xc CMakeFiles/HW3.dir/C_/Users/Shree/pico-sdk/src/rp2_common/pico_stdio/stdio.c.obj
                0x10001764                stdio_init_all
 .text.__wrap_putchar
                0x10001770       0x84 CMakeFiles/HW3.dir/C_/Users/Shree/pico-sdk/src/rp2_common/pico_stdio/stdio.c.obj
                0x10001770                __wrap_putchar
                0x10001770                stdio_putchar
 .text.__wrap_puts
                0x100017f4       0x3c CMakeFiles/HW3.dir/C_/Users/Shree/pico-sdk/src/rp2_common/pico_stdio/stdio.c.obj
                0x100017f4                stdio_puts
                0x100017f4                __wrap_puts
 .text.stdio_uart_out_chars
                0x10001830       0x50 CMakeFiles/HW3.dir/C_/Users/Shree/pico-sdk/src/rp2_common/pico_stdio_uart/stdio_uart.c.obj
 .text.stdio_uart_in_chars
                0x10001880       0x94 CMakeFiles/HW3.dir/C_/Users/Shree/pico-sdk/src/rp2_common/pico_stdio_uart/stdio_uart.c.obj
                0x10001880                stdio_uart_in_chars
 .text.on_uart_rx
                0x10001914       0x24 CMakeFiles/HW3.dir/C_/Users/Shree/pico-sdk/src/rp2_common/pico_stdio_uart/stdio_uart.c.obj
 .text.stdio_uart_out_flush
                0x10001938       0x10 CMakeFiles/HW3.dir/C_/Users/Shree/pico-sdk/src/rp2_common/pico_stdio_uart/stdio_uart.c.obj
 .text.stdio_uart_set_chars_available_callback
                0x10001948       0x88 CMakeFiles/HW3.dir/C_/Users/Shree/pico-sdk/src/rp2_common/pico_stdio_uart/stdio_uart.c.obj
 .text.stdio_uart_init
                0x100019d0       0x54 CMakeFiles/HW3.dir/C_/Users/Shree/pico-sdk/src/rp2_common/pico_stdio_uart/stdio_uart.c.obj
                0x100019d0                stdio_uart_init
 .text.i2c_read_blocking_internal.constprop.0
                0x10001a24       0x70 CMakeFiles/HW3.dir/C_/Users/Shree/pico-sdk/src/rp2_common/hardware_i2c/i2c.c.obj
 .text.i2c_write_blocking_internal.constprop.0
                0x10001a94       0x9c CMakeFiles/HW3.dir/C_/Users/Shree/pico-sdk/src/rp2_common/hardware_i2c/i2c.c.obj
 .text.i2c_set_baudrate
                0x10001b30       0xa4 CMakeFiles/HW3.dir/C_/Users/Shree/pico-sdk/src/rp2_common/hardware_i2c/i2c.c.obj
                0x10001b30                i2c_set_baudrate
 .text.i2c_init
                0x10001bd4       0x4c CMakeFiles/HW3.dir/C_/Users/Shree/pico-sdk/src/rp2_common/hardware_i2c/i2c.c.obj
                0x10001bd4                i2c_init
 .text.i2c_write_blocking
                0x10001c20       0x10 CMakeFiles/HW3.dir/C_/Users/Shree/pico-sdk/src/rp2_common/hardware_i2c/i2c.c.obj
                0x10001c20                i2c_write_blocking
 .text.i2c_read_blocking
                0x10001c30       0x10 CMakeFiles/HW3.dir/C_/Users/Shree/pico-sdk/src/rp2_common/hardware_i2c/i2c.c.obj
                0x10001c30                i2c_read_blocking
 .text          0x10001c40       0xec C:/PROGRA~2/ARMGNU~1/14EFD8~1.2RE/bin/../lib/gcc/arm-none-eabi/14.2.1/thumb/v8-m.main+fp/softfp\libg.a(libc_a-memcpy.o)
                0x10001c40                memcpy
 .text.strlen   0x10001d2c       0x5c C:/PROGRA~2/ARMGNU~1/14EFD8~1.2RE/bin/../lib/gcc/arm-none-eabi/14.2.1/thumb/v8-m.main+fp/softfp\libg.a(libc_a-strlen-stub.o)
                0x10001d2c                strlen
 *(.fini)
 .fini          0x10001d88        0x4 C:/PROGRA~2/ARMGNU~1/14EFD8~1.2RE/bin/../lib/gcc/arm-none-eabi/14.2.1/thumb/v8-m.main+fp/softfp/crti.o
                0x10001d88                _fini
 *fill*         0x10001d8c        0x4 
 .fini.__stub   0x10001d90       0x10 linker stubs
 *crtbegin.o(.ctors)
 *crtbegin?.o(.ctors)
 *(EXCLUDE_FILE(*crtend.o *crtend?.o) .ctors)
 *(SORT_BY_NAME(.ctors.*))
 *(.ctors)
 *crtbegin.o(.dtors)
 *crtbegin?.o(.dtors)
 *(EXCLUDE_FILE(*crtend.o *crtend?.o) .dtors)
 *(SORT_BY_NAME(.dtors.*))
 *(.dtors)
                0x10001da0                        . = ALIGN (0x4)
                0x10001da0                        PROVIDE (__preinit_array_start = .)
 *(SORT_BY_NAME(.preinit_array.*))
 .preinit_array.00050
                0x10001da0        0x4 CMakeFiles/HW3.dir/C_/Users/Shree/pico-sdk/src/rp2_common/pico_runtime_init/runtime_init.c.obj
                0x10001da0                __pre_init_runtime_init_bootrom_reset
 .preinit_array.00100
                0x10001da4        0x4 CMakeFiles/HW3.dir/C_/Users/Shree/pico-sdk/src/rp2_common/pico_runtime_init/runtime_init.c.obj
                0x10001da4                __pre_init_runtime_init_early_resets
 .preinit_array.00101
                0x10001da8        0x4 CMakeFiles/HW3.dir/C_/Users/Shree/pico-sdk/src/rp2_common/pico_runtime_init/runtime_init.c.obj
                0x10001da8                __pre_init_runtime_init_usb_power_down
 .preinit_array.00500
                0x10001dac        0x4 CMakeFiles/HW3.dir/C_/Users/Shree/pico-sdk/src/rp2_common/pico_runtime_init/runtime_init.c.obj
                0x10001dac                __pre_init_runtime_init_clocks
 .preinit_array.00600
                0x10001db0        0x4 CMakeFiles/HW3.dir/C_/Users/Shree/pico-sdk/src/rp2_common/pico_runtime_init/runtime_init.c.obj
                0x10001db0                __pre_init_runtime_init_post_clock_resets
 .preinit_array.01000
                0x10001db4        0x4 CMakeFiles/HW3.dir/C_/Users/Shree/pico-sdk/src/rp2_common/hardware_boot_lock/boot_lock.c.obj
                0x10001db4                __pre_init_runtime_init_boot_locks_reset
 .preinit_array.01000
                0x10001db8        0x4 CMakeFiles/HW3.dir/C_/Users/Shree/pico-sdk/src/rp2_common/pico_runtime_init/runtime_init.c.obj
                0x10001db8                __pre_init_runtime_init_spin_locks_reset
 .preinit_array.01010
                0x10001dbc        0x4 CMakeFiles/HW3.dir/C_/Users/Shree/pico-sdk/src/rp2_common/pico_bootrom/bootrom_lock.c.obj
                0x10001dbc                __pre_init_runtime_init_bootrom_locking_enable
 .preinit_array.01100
                0x10001dc0        0x4 CMakeFiles/HW3.dir/C_/Users/Shree/pico-sdk/src/common/pico_sync/mutex.c.obj
                0x10001dc0                __pre_init_runtime_init_mutex
 .preinit_array.10080
                0x10001dc4        0x4 CMakeFiles/HW3.dir/C_/Users/Shree/pico-sdk/src/rp2_common/pico_runtime_init/runtime_init.c.obj
                0x10001dc4                __pre_init_runtime_init_install_ram_vector_table
 .preinit_array.11000
                0x10001dc8        0x4 CMakeFiles/HW3.dir/C_/Users/Shree/pico-sdk/src/common/pico_time/time.c.obj
                0x10001dc8                __pre_init_runtime_init_default_alarm_pool
 .preinit_array.YYYYY
                0x10001dcc        0x4 CMakeFiles/HW3.dir/C_/Users/Shree/pico-sdk/src/rp2_common/pico_runtime/runtime.c.obj
                0x10001dcc                __pre_init_first_per_core_initializer
 .preinit_array.ZZZZZ.00051
                0x10001dd0        0x4 CMakeFiles/HW3.dir/C_/Users/Shree/pico-sdk/src/rp2_common/pico_runtime_init/runtime_init.c.obj
                0x10001dd0                __pre_init_runtime_init_per_core_bootrom_reset
 .preinit_array.ZZZZZ.00200
                0x10001dd4        0x4 CMakeFiles/HW3.dir/C_/Users/Shree/pico-sdk/src/rp2_common/pico_runtime_init/runtime_init.c.obj
                0x10001dd4                __pre_init_runtime_init_per_core_enable_coprocessors
 .preinit_array.ZZZZZ.01000
                0x10001dd8        0x4 CMakeFiles/HW3.dir/C_/Users/Shree/pico-sdk/src/rp2_common/hardware_sync_spin_lock/sync_spin_lock.c.obj
                0x10001dd8                __pre_init_spinlock_set_extexclall
 .preinit_array.ZZZZZ.01200
                0x10001ddc        0x4 CMakeFiles/HW3.dir/C_/Users/Shree/pico-sdk/src/rp2_common/hardware_irq/irq.c.obj
                0x10001ddc                __pre_init_runtime_init_per_core_irq_priorities
 *(.preinit_array)
                0x10001de0                        PROVIDE (__preinit_array_end = .)
                0x10001de0                        . = ALIGN (0x4)
                0x10001de0                        PROVIDE (__init_array_start = .)
 *(SORT_BY_NAME(.init_array.*))
 *(.init_array)
 .init_array    0x10001de0        0x4 C:/PROGRA~2/ARMGNU~1/14EFD8~1.2RE/bin/../lib/gcc/arm-none-eabi/14.2.1/thumb/v8-m.main+fp/softfp/crtbegin.o
                0x10001de4                        PROVIDE (__init_array_end = .)
                0x10001de4                        . = ALIGN (0x4)
                [!provide]                        PROVIDE (__fini_array_start = .)
 *(SORT_BY_NAME(.fini_array.*))
 *(.fini_array)
                [!provide]                        PROVIDE (__fini_array_end = .)
 *(.eh_frame*)
 .eh_frame      0x10001de4        0x0 C:/PROGRA~2/ARMGNU~1/14EFD8~1.2RE/bin/../lib/gcc/arm-none-eabi/14.2.1/thumb/v8-m.main+fp/softfp/crtbegin.o
                0x10001de4                        . = ALIGN (0x4)

.glue_7         0x10001de4        0x0
 .glue_7        0x10001de4        0x0 linker stubs

.glue_7t        0x10001de4        0x0
 .glue_7t       0x10001de4        0x0 linker stubs

.vfp11_veneer   0x10001de4        0x0
 .vfp11_veneer  0x10001de4        0x0 linker stubs

.v4_bx          0x10001de4        0x0
 .v4_bx         0x10001de4        0x0 linker stubs

.iplt           0x10001de4        0x0
 .iplt          0x10001de4        0x0 C:/PROGRA~2/ARMGNU~1/14EFD8~1.2RE/bin/../lib/gcc/arm-none-eabi/14.2.1/thumb/v8-m.main+fp/softfp/crtbegin.o

.boot2          0x10001de4        0x0
                0x10001de4                        __boot2_start__ = .
 *(.boot2)
                0x10001de4                        __boot2_end__ = .
                0x00000001                        ASSERT (((__boot2_end__ - __boot2_start__) <= 0x100), ERROR: Pico second stage bootloader must be no more than 256 bytes in size)

.rodata         0x10001de4      0x11c
 *(EXCLUDE_FILE(*libm.a: *libc.a:*lib_a-mem*.o *libgcc.a:) .rodata*)
 .rodata.panic.str1.4
                0x10001de4       0xa8 CMakeFiles/HW3.dir/C_/Users/Shree/pico-sdk/src/rp2_common/pico_platform_panic/panic.c.obj
                                 0x12 (size before relaxing)
 .rodata.timer_hardware_alarm_claim.str1.4
                0x10001e8c       0x22 CMakeFiles/HW3.dir/C_/Users/Shree/pico-sdk/src/rp2_common/hardware_timer/timer.c.obj
 .rodata.hard_assertion_failure.str1.4
                0x10001e8c        0xc CMakeFiles/HW3.dir/C_/Users/Shree/pico-sdk/src/rp2_common/pico_runtime/runtime.c.obj
 .rodata.str1.4
                0x10001e8c       0x38 CMakeFiles/HW3.dir/C_/Users/Shree/pico-sdk/src/rp2_common/pico_standard_binary_info/standard_binary_info.c.obj
 .rodata.__bi_84
                0x10001e8c        0xc CMakeFiles/HW3.dir/C_/Users/Shree/pico-sdk/src/rp2_common/pico_standard_binary_info/standard_binary_info.c.obj
 .rodata.__bi_78
                0x10001e98        0xc CMakeFiles/HW3.dir/C_/Users/Shree/pico-sdk/src/rp2_common/pico_standard_binary_info/standard_binary_info.c.obj
 .rodata.__bi_54
                0x10001ea4        0xc CMakeFiles/HW3.dir/C_/Users/Shree/pico-sdk/src/rp2_common/pico_standard_binary_info/standard_binary_info.c.obj
 .rodata.__bi_48
                0x10001eb0        0xc CMakeFiles/HW3.dir/C_/Users/Shree/pico-sdk/src/rp2_common/pico_standard_binary_info/standard_binary_info.c.obj
 .rodata.__bi_42
                0x10001ebc        0xc CMakeFiles/HW3.dir/C_/Users/Shree/pico-sdk/src/rp2_common/pico_standard_binary_info/standard_binary_info.c.obj
 .rodata.__bi_34
                0x10001ec8        0xc CMakeFiles/HW3.dir/C_/Users/Shree/pico-sdk/src/rp2_common/pico_standard_binary_info/standard_binary_info.c.obj
 .rodata.__bi_26
                0x10001ed4        0xc CMakeFiles/HW3.dir/C_/Users/Shree/pico-sdk/src/rp2_common/pico_standard_binary_info/standard_binary_info.c.obj
 .rodata.crlf_str.0
                0x10001ee0        0x2 CMakeFiles/HW3.dir/C_/Users/Shree/pico-sdk/src/rp2_common/pico_stdio/stdio.c.obj
 .rodata.str1.4
                0x10001ee2       0x2c CMakeFiles/HW3.dir/C_/Users/Shree/pico-sdk/src/rp2_common/pico_stdio_uart/stdio_uart.c.obj
 *fill*         0x10001ee2        0x2 
 .rodata.__bi_45.4
                0x10001ee4        0xc CMakeFiles/HW3.dir/C_/Users/Shree/pico-sdk/src/rp2_common/pico_stdio_uart/stdio_uart.c.obj
 .rodata.__bi_49.5
                0x10001ef0        0x8 CMakeFiles/HW3.dir/C_/Users/Shree/pico-sdk/src/rp2_common/pico_stdio_uart/stdio_uart.c.obj
 .rodata.__bi_50.6
                0x10001ef8        0x8 CMakeFiles/HW3.dir/C_/Users/Shree/pico-sdk/src/rp2_common/pico_stdio_uart/stdio_uart.c.obj
 *(.srodata*)
                0x10001f00                        . = ALIGN (0x4)
 *(SORT_BY_ALIGNMENT(SORT_BY_NAME(.flashdata*)))
                0x10001f00                        . = ALIGN (0x4)

.ARM.extab
 *(.ARM.extab* .gnu.linkonce.armextab.*)
                0x10001f00                        __exidx_start = .

.ARM.exidx      0x10001f00        0x8
 *(.ARM.exidx* .gnu.linkonce.armexidx.*)
 .ARM.exidx     0x10001f00        0x8 C:/PROGRA~2/ARMGNU~1/14EFD8~1.2RE/bin/../lib/gcc/arm-none-eabi/14.2.1/thumb/v8-m.main+fp/softfp\libg.a(libc_a-memcpy.o)
                0x10001f08                        __exidx_end = .
                0x10001f08                        . = ALIGN (0x4)
                0x10001f08                        __binary_info_start = .

.binary_info    0x10001f08       0x28
 *(.binary_info.keep.*)
 .binary_info.keep.__bi_ptr84
                0x10001f08        0x4 CMakeFiles/HW3.dir/C_/Users/Shree/pico-sdk/src/rp2_common/pico_standard_binary_info/standard_binary_info.c.obj
 .binary_info.keep.__bi_ptr78
                0x10001f0c        0x4 CMakeFiles/HW3.dir/C_/Users/Shree/pico-sdk/src/rp2_common/pico_standard_binary_info/standard_binary_info.c.obj
 .binary_info.keep.__bi_ptr54
                0x10001f10        0x4 CMakeFiles/HW3.dir/C_/Users/Shree/pico-sdk/src/rp2_common/pico_standard_binary_info/standard_binary_info.c.obj
 .binary_info.keep.__bi_ptr48
                0x10001f14        0x4 CMakeFiles/HW3.dir/C_/Users/Shree/pico-sdk/src/rp2_common/pico_standard_binary_info/standard_binary_info.c.obj
 .binary_info.keep.__bi_ptr42
                0x10001f18        0x4 CMakeFiles/HW3.dir/C_/Users/Shree/pico-sdk/src/rp2_common/pico_standard_binary_info/standard_binary_info.c.obj
 .binary_info.keep.__bi_ptr34
                0x10001f1c        0x4 CMakeFiles/HW3.dir/C_/Users/Shree/pico-sdk/src/rp2_common/pico_standard_binary_info/standard_binary_info.c.obj
 .binary_info.keep.__bi_ptr26
                0x10001f20        0x4 CMakeFiles/HW3.dir/C_/Users/Shree/pico-sdk/src/rp2_common/pico_standard_binary_info/standard_binary_info.c.obj
 *(.binary_info.*)
 .binary_info.__bi_ptr50
                0x10001f24        0x4 CMakeFiles/HW3.dir/C_/Users/Shree/pico-sdk/src/rp2_common/pico_stdio_uart/stdio_uart.c.obj
 .binary_info.__bi_ptr49
                0x10001f28        0x4 CMakeFiles/HW3.dir/C_/Users/Shree/pico-sdk/src/rp2_common/pico_stdio_uart/stdio_uart.c.obj
 .binary_info.__bi_ptr45
                0x10001f2c        0x4 CMakeFiles/HW3.dir/C_/Users/Shree/pico-sdk/src/rp2_common/pico_stdio_uart/stdio_uart.c.obj
                0x10001f30                        __binary_info_end = .
                0x10001f30                        . = ALIGN (0x4)

.ram_vector_table
                0x20000000      0x110
 *(.ram_vector_table)
 .ram_vector_table
                0x20000000      0x110 CMakeFiles/HW3.dir/C_/Users/Shree/pico-sdk/src/rp2_common/pico_runtime_init/runtime_init.c.obj
                0x20000000                ram_vector_table

.uninitialized_data
                0x20000110        0x0
                0x20000110                        . = ALIGN (0x4)
 *(.uninitialized_data*)

.data           0x20000110      0x1a4 load address 0x10001f30
                0x20000110                        __data_start__ = .
 *(vtable)
 *(.time_critical*)
 .time_critical.mutex_enter_block_until
                0x20000110       0x6c CMakeFiles/HW3.dir/C_/Users/Shree/pico-sdk/src/common/pico_sync/mutex.c.obj
                0x20000110                mutex_enter_block_until
 .time_critical.mutex_try_enter_block_until
                0x2000017c       0x68 CMakeFiles/HW3.dir/C_/Users/Shree/pico-sdk/src/common/pico_sync/mutex.c.obj
                0x2000017c                mutex_try_enter_block_until
 .time_critical.mutex_exit
                0x200001e4       0x3c CMakeFiles/HW3.dir/C_/Users/Shree/pico-sdk/src/common/pico_sync/mutex.c.obj
                0x200001e4                mutex_exit
 .time_critical.mutex_exit.__stub
                0x20000220        0x8 linker stubs
 *(.text*)
                0x20000228                        . = ALIGN (0x4)
 *(.rodata*)
                0x20000228                        . = ALIGN (0x4)
 *(.data*)
 .data.striped_spin_lock_num
                0x20000228        0x1 CMakeFiles/HW3.dir/C_/Users/Shree/pico-sdk/src/rp2_common/hardware_sync/sync.c.obj
 *fill*         0x20000229        0x3 
 .data          0x2000022c       0x48 CMakeFiles/HW3.dir/C_/Users/Shree/pico-sdk/src/rp2_common/hardware_irq/irq_handler_chain.S.obj
                0x2000022c                irq_handler_chain_slots
                0x2000025c                irq_handler_chain_first_slot
                0x20000266                irq_handler_chain_remove_tail
 .data.default_alarm_pool
                0x20000274       0x18 CMakeFiles/HW3.dir/C_/Users/Shree/pico-sdk/src/common/pico_time/time.c.obj
 .data.stdio_uart
                0x2000028c       0x18 CMakeFiles/HW3.dir/C_/Users/Shree/pico-sdk/src/rp2_common/pico_stdio_uart/stdio_uart.c.obj
                0x2000028c                stdio_uart
 .data.i2c0_inst
                0x200002a4        0x8 CMakeFiles/HW3.dir/C_/Users/Shree/pico-sdk/src/rp2_common/hardware_i2c/i2c.c.obj
                0x200002a4                i2c0_inst
 *(.sdata*)
                0x200002ac                        . = ALIGN (0x4)
 *(.after_data.*)
                0x200002ac                        . = ALIGN (0x4)
                0x200002ac                        PROVIDE (__mutex_array_start = .)
 *(SORT_BY_NAME(.mutex_array.*))
 *(.mutex_array)
 .mutex_array   0x200002ac        0x8 CMakeFiles/HW3.dir/C_/Users/Shree/pico-sdk/src/rp2_common/pico_stdio/stdio.c.obj
                0x200002b4                        PROVIDE (__mutex_array_end = .)
 *(.jcr)
                0x200002b4                        . = ALIGN (0x4)

.tm_clone_table
                0x200002b4        0x0 load address 0x100020d4
 .tm_clone_table
                0x200002b4        0x0 C:/PROGRA~2/ARMGNU~1/14EFD8~1.2RE/bin/../lib/gcc/arm-none-eabi/14.2.1/thumb/v8-m.main+fp/softfp/crtbegin.o
 .tm_clone_table
                0x200002b4        0x0 C:/PROGRA~2/ARMGNU~1/14EFD8~1.2RE/bin/../lib/gcc/arm-none-eabi/14.2.1/thumb/v8-m.main+fp/softfp/crtend.o

.igot.plt       0x200002b4        0x0 load address 0x100020d4
 .igot.plt      0x200002b4        0x0 C:/PROGRA~2/ARMGNU~1/14EFD8~1.2RE/bin/../lib/gcc/arm-none-eabi/14.2.1/thumb/v8-m.main+fp/softfp/crtbegin.o

.tdata          0x200002b4        0x0 load address 0x100020d4
                0x200002b4                        . = ALIGN (0x4)
 *(.tdata .tdata.* .gnu.linkonce.td.*)
                0x200002b4                        __tdata_end = .
                0x200002b4                        PROVIDE (__data_end__ = .)
                0x10001f30                        __etext = LOADADDR (.data)

.tbss           0x200002b4        0x0 load address 0x100020d4
                0x200002b4                        . = ALIGN (0x4)
                0x200002b4                        __bss_start__ = .
                0x200002b4                        __tls_base = .
 *(.tbss .tbss.* .gnu.linkonce.tb.*)
 *(.tcommon)
                0x200002b4                        __tls_end = .

.bss            0x200002b8      0x228 load address 0x100020d4
                0x200002b8                        . = ALIGN (0x4)
                0x200002b8                        __tbss_end = .
 *(SORT_BY_ALIGNMENT(SORT_BY_NAME(.bss*)))
 .bss.default_alarm_pool_entries
                0x200002b8      0x180 CMakeFiles/HW3.dir/C_/Users/Shree/pico-sdk/src/common/pico_time/time.c.obj
 .bss._sw_spin_locks
                0x20000438       0x20 CMakeFiles/HW3.dir/C_/Users/Shree/pico-sdk/src/rp2_common/hardware_sync_spin_lock/sync_spin_lock.c.obj
                0x20000438                _sw_spin_locks
 .bss.chars_available_callback
                0x20000458        0x4 CMakeFiles/HW3.dir/C_/Users/Shree/pico-sdk/src/rp2_common/pico_stdio_uart/stdio_uart.c.obj
 .bss.chars_available_param
                0x2000045c        0x4 CMakeFiles/HW3.dir/C_/Users/Shree/pico-sdk/src/rp2_common/pico_stdio_uart/stdio_uart.c.obj
 .bss.claimed   0x20000460        0x2 CMakeFiles/HW3.dir/C_/Users/Shree/pico-sdk/src/rp2_common/hardware_timer/timer.c.obj
 *fill*         0x20000462        0x2 
 .bss.configured_freq
                0x20000464       0x28 CMakeFiles/HW3.dir/C_/Users/Shree/pico-sdk/src/rp2_common/hardware_clocks/clocks.c.obj
 .bss.drivers   0x2000048c        0x4 CMakeFiles/HW3.dir/C_/Users/Shree/pico-sdk/src/rp2_common/pico_stdio/stdio.c.obj
 .bss.filter    0x20000490        0x4 CMakeFiles/HW3.dir/C_/Users/Shree/pico-sdk/src/rp2_common/pico_stdio/stdio.c.obj
 .bss.lazy_vsnprintf
                0x20000494        0x4 CMakeFiles/HW3.dir/C_/Users/Shree/pico-sdk/src/rp2_common/pico_printf/printf.c.obj
 .bss.object.0  0x20000498       0x18 C:/PROGRA~2/ARMGNU~1/14EFD8~1.2RE/bin/../lib/gcc/arm-none-eabi/14.2.1/thumb/v8-m.main+fp/softfp/crtbegin.o
 .bss.pools     0x200004b0       0x20 CMakeFiles/HW3.dir/C_/Users/Shree/pico-sdk/src/common/pico_time/time.c.obj
 .bss.sleep_notifier
                0x200004d0        0x4 CMakeFiles/HW3.dir/C_/Users/Shree/pico-sdk/src/common/pico_time/time.c.obj
 .bss.uart_char_to_line_feed
                0x200004d4        0x4 CMakeFiles/HW3.dir/C_/Users/Shree/pico-sdk/src/rp2_common/hardware_uart/uart.c.obj
                0x200004d4                uart_char_to_line_feed
 .bss.uart_instance
                0x200004d8        0x4 CMakeFiles/HW3.dir/C_/Users/Shree/pico-sdk/src/rp2_common/pico_stdio_uart/stdio_uart.c.obj
 .bss.irq_handler_chain_free_slot_head
                0x200004dc        0x1 CMakeFiles/HW3.dir/C_/Users/Shree/pico-sdk/src/rp2_common/hardware_irq/irq.c.obj
 *(COMMON)
                [!provide]                        PROVIDE (__global_pointer$ = (. + 0x800))
 *(.sbss*)
                0x200004e0                        . = ALIGN (0x4)
 *fill*         0x200004dd        0x3 
                0x200004e0                        __bss_end__ = .

.heap           0x200004e0      0x800 load address 0x100020d4
                0x200004e0                        __end__ = .
                0x200004e0                        end = __end__
 *(.heap*)
 .heap          0x200004e0      0x800 CMakeFiles/HW3.dir/C_/Users/Shree/pico-sdk/src/rp2_common/pico_crt0/crt0.S.obj
                0x20080000                        __HeapLimit = (ORIGIN (RAM) + LENGTH (RAM))

.scratch_x      0x20080000        0x0 load address 0x100020d4
                0x20080000                        __scratch_x_start__ = .
 *(.scratch_x.*)
                0x20080000                        . = ALIGN (0x4)
                0x20080000                        __scratch_x_end__ = .
                0x100020d4                        __scratch_x_source__ = LOADADDR (.scratch_x)

.scratch_y      0x20081000        0x0 load address 0x100020d4
                0x20081000                        __scratch_y_start__ = .
 *(.scratch_y.*)
                0x20081000                        . = ALIGN (0x4)
                0x20081000                        __scratch_y_end__ = .
                0x100020d4                        __scratch_y_source__ = LOADADDR (.scratch_y)

.stack1_dummy
 *(.stack1*)

.stack_dummy    0x20081000      0x800
 *(.stack*)
 .stack         0x20081000      0x800 CMakeFiles/HW3.dir/C_/Users/Shree/pico-sdk/src/rp2_common/pico_crt0/crt0.S.obj

.flash_end      0x100020d4       0x14
 *(.embedded_end_block*)
 .embedded_end_block
                0x100020d4       0x14 CMakeFiles/HW3.dir/C_/Users/Shree/pico-sdk/src/rp2_common/pico_crt0/crt0.S.obj
                0x100020e8                        PROVIDE (__flash_binary_end = .)
                0x20080000                        __StackLimit = (ORIGIN (RAM) + LENGTH (RAM))
                0x20081000                        __StackOneTop = (ORIGIN (SCRATCH_X) + LENGTH (SCRATCH_X))
                0x20082000                        __StackTop = (ORIGIN (SCRATCH_Y) + LENGTH (SCRATCH_Y))
                0x20081000                        __StackOneBottom = (__StackOneTop - SIZEOF (.stack1_dummy))
                0x20081800                        __StackBottom = (__StackTop - SIZEOF (.stack_dummy))
                0x20082000                        PROVIDE (__stack = __StackTop)
                [!provide]                        PROVIDE (__heap_start = __end__)
                [!provide]                        PROVIDE (__heap_end = __HeapLimit)
                [!provide]                        PROVIDE (__tls_align = MAX (ALIGNOF (.tdata), ALIGNOF (.tbss)))
                [!provide]                        PROVIDE (__tls_size_align = (((__tls_size + __tls_align) - 0x1) & ~ ((__tls_align - 0x1))))
                [!provide]                        PROVIDE (__arm32_tls_tcb_offset = MAX (0x8, __tls_align))
                [!provide]                        PROVIDE (_end = __end__)
                [!provide]                        PROVIDE (__llvm_libc_heap_limit = __HeapLimit)
                0x00000001                        ASSERT ((__StackLimit >= __HeapLimit), region RAM overflowed)
                0x00000001                        ASSERT (((__binary_info_header_end - __logical_binary_start) <= 0x400), Binary info must be in first 1024 bytes of the binary)
                0x00000001                        ASSERT (((__embedded_block_end - __logical_binary_start) <= 0x1000), Embedded block must be in first 4096 bytes of the binary)
LOAD CMakeFiles/HW3.dir/main.c.obj
LOAD CMakeFiles/HW3.dir/C_/Users/Shree/pico-sdk/src/rp2_common/pico_stdlib/stdlib.c.obj
LOAD CMakeFiles/HW3.dir/C_/Users/Shree/pico-sdk/src/rp2_common/hardware_gpio/gpio.c.obj
LOAD CMakeFiles/HW3.dir/C_/Users/Shree/pico-sdk/src/rp2350/pico_platform/platform.c.obj
LOAD CMakeFiles/HW3.dir/C_/Users/Shree/pico-sdk/src/rp2_common/pico_platform_panic/panic.c.obj
LOAD CMakeFiles/HW3.dir/C_/Users/Shree/pico-sdk/src/common/hardware_claim/claim.c.obj
LOAD CMakeFiles/HW3.dir/C_/Users/Shree/pico-sdk/src/rp2_common/hardware_sync/sync.c.obj
LOAD CMakeFiles/HW3.dir/C_/Users/Shree/pico-sdk/src/rp2_common/hardware_sync_spin_lock/sync_spin_lock.c.obj
LOAD CMakeFiles/HW3.dir/C_/Users/Shree/pico-sdk/src/rp2_common/hardware_irq/irq.c.obj
LOAD CMakeFiles/HW3.dir/C_/Users/Shree/pico-sdk/src/rp2_common/hardware_irq/irq_handler_chain.S.obj
LOAD CMakeFiles/HW3.dir/C_/Users/Shree/pico-sdk/src/common/pico_sync/sem.c.obj
LOAD CMakeFiles/HW3.dir/C_/Users/Shree/pico-sdk/src/common/pico_sync/lock_core.c.obj
LOAD CMakeFiles/HW3.dir/C_/Users/Shree/pico-sdk/src/common/pico_sync/mutex.c.obj
LOAD CMakeFiles/HW3.dir/C_/Users/Shree/pico-sdk/src/common/pico_sync/critical_section.c.obj
LOAD CMakeFiles/HW3.dir/C_/Users/Shree/pico-sdk/src/common/pico_time/time.c.obj
LOAD CMakeFiles/HW3.dir/C_/Users/Shree/pico-sdk/src/common/pico_time/timeout_helper.c.obj
LOAD CMakeFiles/HW3.dir/C_/Users/Shree/pico-sdk/src/rp2_common/hardware_timer/timer.c.obj
LOAD CMakeFiles/HW3.dir/C_/Users/Shree/pico-sdk/src/common/pico_util/datetime.c.obj
LOAD CMakeFiles/HW3.dir/C_/Users/Shree/pico-sdk/src/common/pico_util/pheap.c.obj
LOAD CMakeFiles/HW3.dir/C_/Users/Shree/pico-sdk/src/common/pico_util/queue.c.obj
LOAD CMakeFiles/HW3.dir/C_/Users/Shree/pico-sdk/src/rp2_common/hardware_uart/uart.c.obj
LOAD CMakeFiles/HW3.dir/C_/Users/Shree/pico-sdk/src/rp2_common/hardware_clocks/clocks.c.obj
LOAD CMakeFiles/HW3.dir/C_/Users/Shree/pico-sdk/src/rp2_common/hardware_pll/pll.c.obj
LOAD CMakeFiles/HW3.dir/C_/Users/Shree/pico-sdk/src/rp2_common/hardware_vreg/vreg.c.obj
LOAD CMakeFiles/HW3.dir/C_/Users/Shree/pico-sdk/src/rp2_common/hardware_watchdog/watchdog.c.obj
LOAD CMakeFiles/HW3.dir/C_/Users/Shree/pico-sdk/src/rp2_common/hardware_ticks/ticks.c.obj
LOAD CMakeFiles/HW3.dir/C_/Users/Shree/pico-sdk/src/rp2_common/pico_bootrom/bootrom.c.obj
LOAD CMakeFiles/HW3.dir/C_/Users/Shree/pico-sdk/src/rp2_common/pico_bootrom/bootrom_lock.c.obj
LOAD CMakeFiles/HW3.dir/C_/Users/Shree/pico-sdk/src/rp2_common/hardware_boot_lock/boot_lock.c.obj
LOAD CMakeFiles/HW3.dir/C_/Users/Shree/pico-sdk/src/rp2_common/pico_flash/flash.c.obj
LOAD CMakeFiles/HW3.dir/C_/Users/Shree/pico-sdk/src/rp2_common/hardware_xosc/xosc.c.obj
LOAD CMakeFiles/HW3.dir/C_/Users/Shree/pico-sdk/src/rp2_common/hardware_divider/divider.c.obj
LOAD CMakeFiles/HW3.dir/C_/Users/Shree/pico-sdk/src/rp2_common/pico_runtime/runtime.c.obj
LOAD CMakeFiles/HW3.dir/C_/Users/Shree/pico-sdk/src/rp2_common/pico_runtime_init/runtime_init.c.obj
LOAD CMakeFiles/HW3.dir/C_/Users/Shree/pico-sdk/src/rp2_common/pico_runtime_init/runtime_init_clocks.c.obj
LOAD CMakeFiles/HW3.dir/C_/Users/Shree/pico-sdk/src/rp2_common/pico_runtime_init/runtime_init_stack_guard.c.obj
LOAD CMakeFiles/HW3.dir/C_/Users/Shree/pico-sdk/src/rp2_common/pico_bit_ops/bit_ops_aeabi.S.obj
LOAD CMakeFiles/HW3.dir/C_/Users/Shree/pico-sdk/src/rp2_common/pico_divider/divider_compiler.c.obj
LOAD CMakeFiles/HW3.dir/C_/Users/Shree/pico-sdk/src/rp2_common/pico_double/double_math.c.obj
LOAD CMakeFiles/HW3.dir/C_/Users/Shree/pico-sdk/src/rp2_common/pico_double/double_aeabi_dcp.S.obj
LOAD CMakeFiles/HW3.dir/C_/Users/Shree/pico-sdk/src/rp2_common/pico_double/double_fma_dcp.S.obj
LOAD CMakeFiles/HW3.dir/C_/Users/Shree/pico-sdk/src/rp2_common/pico_double/double_sci_m33.S.obj
LOAD CMakeFiles/HW3.dir/C_/Users/Shree/pico-sdk/src/rp2_common/pico_double/double_conv_m33.S.obj
LOAD CMakeFiles/HW3.dir/C_/Users/Shree/pico-sdk/src/rp2_common/pico_float/float_math.c.obj
LOAD CMakeFiles/HW3.dir/C_/Users/Shree/pico-sdk/src/rp2_common/pico_float/float_conv32_vfp.S.obj
LOAD CMakeFiles/HW3.dir/C_/Users/Shree/pico-sdk/src/rp2_common/pico_float/float_common_m33.S.obj
LOAD CMakeFiles/HW3.dir/C_/Users/Shree/pico-sdk/src/rp2_common/pico_float/float_sci_m33_vfp.S.obj
LOAD CMakeFiles/HW3.dir/C_/Users/Shree/pico-sdk/src/rp2_common/pico_malloc/malloc.c.obj
LOAD CMakeFiles/HW3.dir/C_/Users/Shree/pico-sdk/src/rp2_common/pico_atomic/atomic.c.obj
LOAD CMakeFiles/HW3.dir/C_/Users/Shree/pico-sdk/src/rp2_common/pico_cxx_options/new_delete.cpp.obj
LOAD CMakeFiles/HW3.dir/C_/Users/Shree/pico-sdk/src/rp2_common/pico_standard_binary_info/standard_binary_info.c.obj
LOAD CMakeFiles/HW3.dir/C_/Users/Shree/pico-sdk/src/rp2_common/pico_printf/printf.c.obj
LOAD CMakeFiles/HW3.dir/C_/Users/Shree/pico-sdk/src/rp2_common/pico_crt0/crt0.S.obj
LOAD CMakeFiles/HW3.dir/C_/Users/Shree/pico-sdk/src/rp2_common/pico_clib_interface/newlib_interface.c.obj
LOAD CMakeFiles/HW3.dir/C_/Users/Shree/pico-sdk/src/rp2_common/pico_stdio/stdio.c.obj
LOAD CMakeFiles/HW3.dir/C_/Users/Shree/pico-sdk/src/rp2_common/pico_stdio_uart/stdio_uart.c.obj
LOAD CMakeFiles/HW3.dir/C_/Users/Shree/pico-sdk/src/rp2_common/hardware_i2c/i2c.c.obj
LOAD pico-sdk/src/rp2350/boot_stage2/CMakeFiles/bs2_default_library.dir/./bs2_default_padded_checksummed.S.obj
LOAD C:/PROGRA~2/ARMGNU~1/14EFD8~1.2RE/bin/../lib/gcc/arm-none-eabi/14.2.1/thumb/v8-m.main+fp/softfp\libstdc++.a
LOAD C:/PROGRA~2/ARMGNU~1/14EFD8~1.2RE/bin/../lib/gcc/arm-none-eabi/14.2.1/thumb/v8-m.main+fp/softfp\libm.a
START GROUP
LOAD C:/PROGRA~2/ARMGNU~1/14EFD8~1.2RE/bin/../lib/gcc/arm-none-eabi/14.2.1/thumb/v8-m.main+fp/softfp\libgcc.a
LOAD C:/PROGRA~2/ARMGNU~1/14EFD8~1.2RE/bin/../lib/gcc/arm-none-eabi/14.2.1/thumb/v8-m.main+fp/softfp\libg.a
LOAD C:/PROGRA~2/ARMGNU~1/14EFD8~1.2RE/bin/../lib/gcc/arm-none-eabi/14.2.1/thumb/v8-m.main+fp/softfp\libc.a
END GROUP
START GROUP
LOAD C:/PROGRA~2/ARMGNU~1/14EFD8~1.2RE/bin/../lib/gcc/arm-none-eabi/14.2.1/thumb/v8-m.main+fp/softfp\libgcc.a
LOAD C:/PROGRA~2/ARMGNU~1/14EFD8~1.2RE/bin/../lib/gcc/arm-none-eabi/14.2.1/thumb/v8-m.main+fp/softfp\libc.a
LOAD C:/PROGRA~2/ARMGNU~1/14EFD8~1.2RE/bin/../lib/gcc/arm-none-eabi/14.2.1/thumb/v8-m.main+fp/softfp\libnosys.a
END GROUP
LOAD C:/PROGRA~2/ARMGNU~1/14EFD8~1.2RE/bin/../lib/gcc/arm-none-eabi/14.2.1/thumb/v8-m.main+fp/softfp/crtend.o
LOAD C:/PROGRA~2/ARMGNU~1/14EFD8~1.2RE/bin/../lib/gcc/arm-none-eabi/14.2.1/thumb/v8-m.main+fp/softfp/crtn.o
OUTPUT(HW3.elf elf32-littlearm)
LOAD linker stubs

.rel.dyn        0x100020e8        0x0
 .rel.iplt      0x100020e8        0x0 C:/PROGRA~2/ARMGNU~1/14EFD8~1.2RE/bin/../lib/gcc/arm-none-eabi/14.2.1/thumb/v8-m.main+fp/softfp/crtbegin.o

.ARM.attributes
                0x00000000       0x34
 .ARM.attributes
                0x00000000       0x26 C:/PROGRA~2/ARMGNU~1/14EFD8~1.2RE/bin/../lib/gcc/arm-none-eabi/14.2.1/thumb/v8-m.main+fp/softfp/crti.o
 .ARM.attributes
                0x00000026       0x36 C:/PROGRA~2/ARMGNU~1/14EFD8~1.2RE/bin/../lib/gcc/arm-none-eabi/14.2.1/thumb/v8-m.main+fp/softfp/crtbegin.o
 .ARM.attributes
                0x0000005c       0x38 CMakeFiles/HW3.dir/main.c.obj
 .ARM.attributes
                0x00000094       0x38 CMakeFiles/HW3.dir/C_/Users/Shree/pico-sdk/src/rp2_common/hardware_gpio/gpio.c.obj
 .ARM.attributes
                0x000000cc       0x38 CMakeFiles/HW3.dir/C_/Users/Shree/pico-sdk/src/rp2_common/pico_platform_panic/panic.c.obj
 .ARM.attributes
                0x00000104       0x38 CMakeFiles/HW3.dir/C_/Users/Shree/pico-sdk/src/common/hardware_claim/claim.c.obj
 .ARM.attributes
                0x0000013c       0x38 CMakeFiles/HW3.dir/C_/Users/Shree/pico-sdk/src/rp2_common/hardware_sync/sync.c.obj
 .ARM.attributes
                0x00000174       0x38 CMakeFiles/HW3.dir/C_/Users/Shree/pico-sdk/src/rp2_common/hardware_sync_spin_lock/sync_spin_lock.c.obj
 .ARM.attributes
                0x000001ac       0x38 CMakeFiles/HW3.dir/C_/Users/Shree/pico-sdk/src/rp2_common/hardware_irq/irq.c.obj
 .ARM.attributes
                0x000001e4       0x28 CMakeFiles/HW3.dir/C_/Users/Shree/pico-sdk/src/rp2_common/hardware_irq/irq_handler_chain.S.obj
 .ARM.attributes
                0x0000020c       0x38 CMakeFiles/HW3.dir/C_/Users/Shree/pico-sdk/src/common/pico_sync/lock_core.c.obj
 .ARM.attributes
                0x00000244       0x38 CMakeFiles/HW3.dir/C_/Users/Shree/pico-sdk/src/common/pico_sync/mutex.c.obj
 .ARM.attributes
                0x0000027c       0x38 CMakeFiles/HW3.dir/C_/Users/Shree/pico-sdk/src/common/pico_time/time.c.obj
 .ARM.attributes
                0x000002b4       0x38 CMakeFiles/HW3.dir/C_/Users/Shree/pico-sdk/src/rp2_common/hardware_timer/timer.c.obj
 .ARM.attributes
                0x000002ec       0x38 CMakeFiles/HW3.dir/C_/Users/Shree/pico-sdk/src/rp2_common/hardware_uart/uart.c.obj
 .ARM.attributes
                0x00000324       0x38 CMakeFiles/HW3.dir/C_/Users/Shree/pico-sdk/src/rp2_common/hardware_clocks/clocks.c.obj
 .ARM.attributes
                0x0000035c       0x38 CMakeFiles/HW3.dir/C_/Users/Shree/pico-sdk/src/rp2_common/hardware_pll/pll.c.obj
 .ARM.attributes
                0x00000394       0x38 CMakeFiles/HW3.dir/C_/Users/Shree/pico-sdk/src/rp2_common/hardware_ticks/ticks.c.obj
 .ARM.attributes
                0x000003cc       0x38 CMakeFiles/HW3.dir/C_/Users/Shree/pico-sdk/src/rp2_common/pico_bootrom/bootrom.c.obj
 .ARM.attributes
                0x00000404       0x38 CMakeFiles/HW3.dir/C_/Users/Shree/pico-sdk/src/rp2_common/pico_bootrom/bootrom_lock.c.obj
 .ARM.attributes
                0x0000043c       0x38 CMakeFiles/HW3.dir/C_/Users/Shree/pico-sdk/src/rp2_common/hardware_boot_lock/boot_lock.c.obj
 .ARM.attributes
                0x00000474       0x38 CMakeFiles/HW3.dir/C_/Users/Shree/pico-sdk/src/rp2_common/hardware_xosc/xosc.c.obj
 .ARM.attributes
                0x000004ac       0x38 CMakeFiles/HW3.dir/C_/Users/Shree/pico-sdk/src/rp2_common/pico_runtime/runtime.c.obj
 .ARM.attributes
                0x000004e4       0x38 CMakeFiles/HW3.dir/C_/Users/Shree/pico-sdk/src/rp2_common/pico_runtime_init/runtime_init.c.obj
 .ARM.attributes
                0x0000051c       0x38 CMakeFiles/HW3.dir/C_/Users/Shree/pico-sdk/src/rp2_common/pico_runtime_init/runtime_init_clocks.c.obj
 .ARM.attributes
                0x00000554       0x38 CMakeFiles/HW3.dir/C_/Users/Shree/pico-sdk/src/rp2_common/pico_standard_binary_info/standard_binary_info.c.obj
 .ARM.attributes
                0x0000058c       0x38 CMakeFiles/HW3.dir/C_/Users/Shree/pico-sdk/src/rp2_common/pico_printf/printf.c.obj
 .ARM.attributes
                0x000005c4       0x28 CMakeFiles/HW3.dir/C_/Users/Shree/pico-sdk/src/rp2_common/pico_crt0/crt0.S.obj
 .ARM.attributes
                0x000005ec       0x38 CMakeFiles/HW3.dir/C_/Users/Shree/pico-sdk/src/rp2_common/pico_clib_interface/newlib_interface.c.obj
 .ARM.attributes
                0x00000624       0x38 CMakeFiles/HW3.dir/C_/Users/Shree/pico-sdk/src/rp2_common/pico_stdio/stdio.c.obj
 .ARM.attributes
                0x0000065c       0x38 CMakeFiles/HW3.dir/C_/Users/Shree/pico-sdk/src/rp2_common/pico_stdio_uart/stdio_uart.c.obj
 .ARM.attributes
                0x00000694       0x38 CMakeFiles/HW3.dir/C_/Users/Shree/pico-sdk/src/rp2_common/hardware_i2c/i2c.c.obj
 .ARM.attributes
                0x000006cc       0x24 C:/PROGRA~2/ARMGNU~1/14EFD8~1.2RE/bin/../lib/gcc/arm-none-eabi/14.2.1/thumb/v8-m.main+fp/softfp\libg.a(libc_a-memcpy.o)
 .ARM.attributes
                0x000006f0       0x36 C:/PROGRA~2/ARMGNU~1/14EFD8~1.2RE/bin/../lib/gcc/arm-none-eabi/14.2.1/thumb/v8-m.main+fp/softfp\libg.a(libc_a-strlen-stub.o)
 .ARM.attributes
                0x00000726       0x36 C:/PROGRA~2/ARMGNU~1/14EFD8~1.2RE/bin/../lib/gcc/arm-none-eabi/14.2.1/thumb/v8-m.main+fp/softfp/crtend.o

.comment        0x00000000       0x45
 .comment       0x00000000       0x45 CMakeFiles/HW3.dir/main.c.obj
                                 0x46 (size before relaxing)
 .comment       0x00000045       0x46 CMakeFiles/HW3.dir/C_/Users/Shree/pico-sdk/src/rp2_common/hardware_gpio/gpio.c.obj
 .comment       0x00000045       0x46 CMakeFiles/HW3.dir/C_/Users/Shree/pico-sdk/src/rp2_common/pico_platform_panic/panic.c.obj
 .comment       0x00000045       0x46 CMakeFiles/HW3.dir/C_/Users/Shree/pico-sdk/src/common/hardware_claim/claim.c.obj
 .comment       0x00000045       0x46 CMakeFiles/HW3.dir/C_/Users/Shree/pico-sdk/src/rp2_common/hardware_sync/sync.c.obj
 .comment       0x00000045       0x46 CMakeFiles/HW3.dir/C_/Users/Shree/pico-sdk/src/rp2_common/hardware_sync_spin_lock/sync_spin_lock.c.obj
 .comment       0x00000045       0x46 CMakeFiles/HW3.dir/C_/Users/Shree/pico-sdk/src/rp2_common/hardware_irq/irq.c.obj
 .comment       0x00000045       0x46 CMakeFiles/HW3.dir/C_/Users/Shree/pico-sdk/src/common/pico_sync/lock_core.c.obj
 .comment       0x00000045       0x46 CMakeFiles/HW3.dir/C_/Users/Shree/pico-sdk/src/common/pico_sync/mutex.c.obj
 .comment       0x00000045       0x46 CMakeFiles/HW3.dir/C_/Users/Shree/pico-sdk/src/common/pico_time/time.c.obj
 .comment       0x00000045       0x46 CMakeFiles/HW3.dir/C_/Users/Shree/pico-sdk/src/rp2_common/hardware_timer/timer.c.obj
 .comment       0x00000045       0x46 CMakeFiles/HW3.dir/C_/Users/Shree/pico-sdk/src/rp2_common/hardware_uart/uart.c.obj
 .comment       0x00000045       0x46 CMakeFiles/HW3.dir/C_/Users/Shree/pico-sdk/src/rp2_common/hardware_clocks/clocks.c.obj
 .comment       0x00000045       0x46 CMakeFiles/HW3.dir/C_/Users/Shree/pico-sdk/src/rp2_common/hardware_pll/pll.c.obj
 .comment       0x00000045       0x46 CMakeFiles/HW3.dir/C_/Users/Shree/pico-sdk/src/rp2_common/hardware_ticks/ticks.c.obj
 .comment       0x00000045       0x46 CMakeFiles/HW3.dir/C_/Users/Shree/pico-sdk/src/rp2_common/pico_bootrom/bootrom.c.obj
 .comment       0x00000045       0x46 CMakeFiles/HW3.dir/C_/Users/Shree/pico-sdk/src/rp2_common/pico_bootrom/bootrom_lock.c.obj
 .comment       0x00000045       0x46 CMakeFiles/HW3.dir/C_/Users/Shree/pico-sdk/src/rp2_common/hardware_boot_lock/boot_lock.c.obj
 .comment       0x00000045       0x46 CMakeFiles/HW3.dir/C_/Users/Shree/pico-sdk/src/rp2_common/hardware_xosc/xosc.c.obj
 .comment       0x00000045       0x46 CMakeFiles/HW3.dir/C_/Users/Shree/pico-sdk/src/rp2_common/pico_runtime/runtime.c.obj
 .comment       0x00000045       0x46 CMakeFiles/HW3.dir/C_/Users/Shree/pico-sdk/src/rp2_common/pico_runtime_init/runtime_init.c.obj
 .comment       0x00000045       0x46 CMakeFiles/HW3.dir/C_/Users/Shree/pico-sdk/src/rp2_common/pico_runtime_init/runtime_init_clocks.c.obj
 .comment       0x00000045       0x46 CMakeFiles/HW3.dir/C_/Users/Shree/pico-sdk/src/rp2_common/pico_standard_binary_info/standard_binary_info.c.obj
 .comment       0x00000045       0x46 CMakeFiles/HW3.dir/C_/Users/Shree/pico-sdk/src/rp2_common/pico_printf/printf.c.obj
 .comment       0x00000045       0x46 CMakeFiles/HW3.dir/C_/Users/Shree/pico-sdk/src/rp2_common/pico_clib_interface/newlib_interface.c.obj
 .comment       0x00000045       0x46 CMakeFiles/HW3.dir/C_/Users/Shree/pico-sdk/src/rp2_common/pico_stdio/stdio.c.obj
 .comment       0x00000045       0x46 CMakeFiles/HW3.dir/C_/Users/Shree/pico-sdk/src/rp2_common/pico_stdio_uart/stdio_uart.c.obj
 .comment       0x00000045       0x46 CMakeFiles/HW3.dir/C_/Users/Shree/pico-sdk/src/rp2_common/hardware_i2c/i2c.c.obj

.debug_info     0x00000000    0x22554
 .debug_info    0x00000000      0xaf8 CMakeFiles/HW3.dir/main.c.obj
 .debug_info    0x00000af8     0x2446 CMakeFiles/HW3.dir/C_/Users/Shree/pico-sdk/src/rp2_common/hardware_gpio/gpio.c.obj
 .debug_info    0x00002f3e      0x1be CMakeFiles/HW3.dir/C_/Users/Shree/pico-sdk/src/rp2_common/pico_platform_panic/panic.c.obj
 .debug_info    0x000030fc      0xb78 CMakeFiles/HW3.dir/C_/Users/Shree/pico-sdk/src/common/hardware_claim/claim.c.obj
 .debug_info    0x00003c74      0x46f CMakeFiles/HW3.dir/C_/Users/Shree/pico-sdk/src/rp2_common/hardware_sync/sync.c.obj
 .debug_info    0x000040e3     0x145e CMakeFiles/HW3.dir/C_/Users/Shree/pico-sdk/src/rp2_common/hardware_sync_spin_lock/sync_spin_lock.c.obj
 .debug_info    0x00005541     0x260d CMakeFiles/HW3.dir/C_/Users/Shree/pico-sdk/src/rp2_common/hardware_irq/irq.c.obj
 .debug_info    0x00007b4e      0x187 CMakeFiles/HW3.dir/C_/Users/Shree/pico-sdk/src/common/pico_sync/lock_core.c.obj
 .debug_info    0x00007cd5     0x1e7c CMakeFiles/HW3.dir/C_/Users/Shree/pico-sdk/src/common/pico_sync/mutex.c.obj
 .debug_info    0x00009b51     0x5487 CMakeFiles/HW3.dir/C_/Users/Shree/pico-sdk/src/common/pico_time/time.c.obj
 .debug_info    0x0000efd8     0x30c6 CMakeFiles/HW3.dir/C_/Users/Shree/pico-sdk/src/rp2_common/hardware_timer/timer.c.obj
 .debug_info    0x0001209e     0x19a6 CMakeFiles/HW3.dir/C_/Users/Shree/pico-sdk/src/rp2_common/hardware_uart/uart.c.obj
 .debug_info    0x00013a44     0x28a2 CMakeFiles/HW3.dir/C_/Users/Shree/pico-sdk/src/rp2_common/hardware_clocks/clocks.c.obj
 .debug_info    0x000162e6      0x507 CMakeFiles/HW3.dir/C_/Users/Shree/pico-sdk/src/rp2_common/hardware_pll/pll.c.obj
 .debug_info    0x000167ed      0x26c CMakeFiles/HW3.dir/C_/Users/Shree/pico-sdk/src/rp2_common/hardware_ticks/ticks.c.obj
 .debug_info    0x00016a59      0x914 CMakeFiles/HW3.dir/C_/Users/Shree/pico-sdk/src/rp2_common/pico_bootrom/bootrom.c.obj
 .debug_info    0x0001736d      0x1c4 CMakeFiles/HW3.dir/C_/Users/Shree/pico-sdk/src/rp2_common/pico_bootrom/bootrom_lock.c.obj
 .debug_info    0x00017531      0x316 CMakeFiles/HW3.dir/C_/Users/Shree/pico-sdk/src/rp2_common/hardware_boot_lock/boot_lock.c.obj
 .debug_info    0x00017847      0x1b1 CMakeFiles/HW3.dir/C_/Users/Shree/pico-sdk/src/rp2_common/hardware_xosc/xosc.c.obj
 .debug_info    0x000179f8      0x21a CMakeFiles/HW3.dir/C_/Users/Shree/pico-sdk/src/rp2_common/pico_runtime/runtime.c.obj
 .debug_info    0x00017c12     0x1bcd CMakeFiles/HW3.dir/C_/Users/Shree/pico-sdk/src/rp2_common/pico_runtime_init/runtime_init.c.obj
 .debug_info    0x000197df      0x7c9 CMakeFiles/HW3.dir/C_/Users/Shree/pico-sdk/src/rp2_common/pico_runtime_init/runtime_init_clocks.c.obj
 .debug_info    0x00019fa8      0x2b8 CMakeFiles/HW3.dir/C_/Users/Shree/pico-sdk/src/rp2_common/pico_standard_binary_info/standard_binary_info.c.obj
 .debug_info    0x0001a260     0x22ff CMakeFiles/HW3.dir/C_/Users/Shree/pico-sdk/src/rp2_common/pico_printf/printf.c.obj
 .debug_info    0x0001c55f       0x23 CMakeFiles/HW3.dir/C_/Users/Shree/pico-sdk/src/rp2_common/pico_crt0/crt0.S.obj
 .debug_info    0x0001c582      0xbdf CMakeFiles/HW3.dir/C_/Users/Shree/pico-sdk/src/rp2_common/pico_clib_interface/newlib_interface.c.obj
 .debug_info    0x0001d161     0x1dd5 CMakeFiles/HW3.dir/C_/Users/Shree/pico-sdk/src/rp2_common/pico_stdio/stdio.c.obj
 .debug_info    0x0001ef36     0x1902 CMakeFiles/HW3.dir/C_/Users/Shree/pico-sdk/src/rp2_common/pico_stdio_uart/stdio_uart.c.obj
 .debug_info    0x00020838     0x1d1c CMakeFiles/HW3.dir/C_/Users/Shree/pico-sdk/src/rp2_common/hardware_i2c/i2c.c.obj

.debug_abbrev   0x00000000     0x5b17
 .debug_abbrev  0x00000000      0x322 CMakeFiles/HW3.dir/main.c.obj
 .debug_abbrev  0x00000322      0x56d CMakeFiles/HW3.dir/C_/Users/Shree/pico-sdk/src/rp2_common/hardware_gpio/gpio.c.obj
 .debug_abbrev  0x0000088f      0x12b CMakeFiles/HW3.dir/C_/Users/Shree/pico-sdk/src/rp2_common/pico_platform_panic/panic.c.obj
 .debug_abbrev  0x000009ba      0x35e CMakeFiles/HW3.dir/C_/Users/Shree/pico-sdk/src/common/hardware_claim/claim.c.obj
 .debug_abbrev  0x00000d18      0x22f CMakeFiles/HW3.dir/C_/Users/Shree/pico-sdk/src/rp2_common/hardware_sync/sync.c.obj
 .debug_abbrev  0x00000f47      0x26e CMakeFiles/HW3.dir/C_/Users/Shree/pico-sdk/src/rp2_common/hardware_sync_spin_lock/sync_spin_lock.c.obj
 .debug_abbrev  0x000011b5      0x644 CMakeFiles/HW3.dir/C_/Users/Shree/pico-sdk/src/rp2_common/hardware_irq/irq.c.obj
 .debug_abbrev  0x000017f9      0x11e CMakeFiles/HW3.dir/C_/Users/Shree/pico-sdk/src/common/pico_sync/lock_core.c.obj
 .debug_abbrev  0x00001917      0x49b CMakeFiles/HW3.dir/C_/Users/Shree/pico-sdk/src/common/pico_sync/mutex.c.obj
 .debug_abbrev  0x00001db2      0x644 CMakeFiles/HW3.dir/C_/Users/Shree/pico-sdk/src/common/pico_time/time.c.obj
 .debug_abbrev  0x000023f6      0x4f9 CMakeFiles/HW3.dir/C_/Users/Shree/pico-sdk/src/rp2_common/hardware_timer/timer.c.obj
 .debug_abbrev  0x000028ef      0x367 CMakeFiles/HW3.dir/C_/Users/Shree/pico-sdk/src/rp2_common/hardware_uart/uart.c.obj
 .debug_abbrev  0x00002c56      0x4f0 CMakeFiles/HW3.dir/C_/Users/Shree/pico-sdk/src/rp2_common/hardware_clocks/clocks.c.obj
 .debug_abbrev  0x00003146      0x1a8 CMakeFiles/HW3.dir/C_/Users/Shree/pico-sdk/src/rp2_common/hardware_pll/pll.c.obj
 .debug_abbrev  0x000032ee      0x146 CMakeFiles/HW3.dir/C_/Users/Shree/pico-sdk/src/rp2_common/hardware_ticks/ticks.c.obj
 .debug_abbrev  0x00003434      0x36d CMakeFiles/HW3.dir/C_/Users/Shree/pico-sdk/src/rp2_common/pico_bootrom/bootrom.c.obj
 .debug_abbrev  0x000037a1       0xfb CMakeFiles/HW3.dir/C_/Users/Shree/pico-sdk/src/rp2_common/pico_bootrom/bootrom_lock.c.obj
 .debug_abbrev  0x0000389c      0x1de CMakeFiles/HW3.dir/C_/Users/Shree/pico-sdk/src/rp2_common/hardware_boot_lock/boot_lock.c.obj
 .debug_abbrev  0x00003a7a      0x109 CMakeFiles/HW3.dir/C_/Users/Shree/pico-sdk/src/rp2_common/hardware_xosc/xosc.c.obj
 .debug_abbrev  0x00003b83      0x182 CMakeFiles/HW3.dir/C_/Users/Shree/pico-sdk/src/rp2_common/pico_runtime/runtime.c.obj
 .debug_abbrev  0x00003d05      0x2dd CMakeFiles/HW3.dir/C_/Users/Shree/pico-sdk/src/rp2_common/pico_runtime_init/runtime_init.c.obj
 .debug_abbrev  0x00003fe2      0x2b8 CMakeFiles/HW3.dir/C_/Users/Shree/pico-sdk/src/rp2_common/pico_runtime_init/runtime_init_clocks.c.obj
 .debug_abbrev  0x0000429a       0xb8 CMakeFiles/HW3.dir/C_/Users/Shree/pico-sdk/src/rp2_common/pico_standard_binary_info/standard_binary_info.c.obj
 .debug_abbrev  0x00004352      0x505 CMakeFiles/HW3.dir/C_/Users/Shree/pico-sdk/src/rp2_common/pico_printf/printf.c.obj
 .debug_abbrev  0x00004857       0x12 CMakeFiles/HW3.dir/C_/Users/Shree/pico-sdk/src/rp2_common/pico_crt0/crt0.S.obj
 .debug_abbrev  0x00004869      0x375 CMakeFiles/HW3.dir/C_/Users/Shree/pico-sdk/src/rp2_common/pico_clib_interface/newlib_interface.c.obj
 .debug_abbrev  0x00004bde      0x601 CMakeFiles/HW3.dir/C_/Users/Shree/pico-sdk/src/rp2_common/pico_stdio/stdio.c.obj
 .debug_abbrev  0x000051df      0x493 CMakeFiles/HW3.dir/C_/Users/Shree/pico-sdk/src/rp2_common/pico_stdio_uart/stdio_uart.c.obj
 .debug_abbrev  0x00005672      0x4a5 CMakeFiles/HW3.dir/C_/Users/Shree/pico-sdk/src/rp2_common/hardware_i2c/i2c.c.obj

.debug_loclists
                0x00000000    0x10d67
 .debug_loclists
                0x00000000      0x285 CMakeFiles/HW3.dir/main.c.obj
 .debug_loclists
                0x00000285     0x180f CMakeFiles/HW3.dir/C_/Users/Shree/pico-sdk/src/rp2_common/hardware_gpio/gpio.c.obj
 .debug_loclists
                0x00001a94      0x42d CMakeFiles/HW3.dir/C_/Users/Shree/pico-sdk/src/common/hardware_claim/claim.c.obj
 .debug_loclists
                0x00001ec1      0x132 CMakeFiles/HW3.dir/C_/Users/Shree/pico-sdk/src/rp2_common/hardware_sync/sync.c.obj
 .debug_loclists
                0x00001ff3       0xa2 CMakeFiles/HW3.dir/C_/Users/Shree/pico-sdk/src/rp2_common/hardware_sync_spin_lock/sync_spin_lock.c.obj
 .debug_loclists
                0x00002095     0x1034 CMakeFiles/HW3.dir/C_/Users/Shree/pico-sdk/src/rp2_common/hardware_irq/irq.c.obj
 .debug_loclists
                0x000030c9       0x17 CMakeFiles/HW3.dir/C_/Users/Shree/pico-sdk/src/common/pico_sync/lock_core.c.obj
 .debug_loclists
                0x000030e0      0xae7 CMakeFiles/HW3.dir/C_/Users/Shree/pico-sdk/src/common/pico_sync/mutex.c.obj
 .debug_loclists
                0x00003bc7     0x2c57 CMakeFiles/HW3.dir/C_/Users/Shree/pico-sdk/src/common/pico_time/time.c.obj
 .debug_loclists
                0x0000681e     0x1a3f CMakeFiles/HW3.dir/C_/Users/Shree/pico-sdk/src/rp2_common/hardware_timer/timer.c.obj
 .debug_loclists
                0x0000825d      0xc8f CMakeFiles/HW3.dir/C_/Users/Shree/pico-sdk/src/rp2_common/hardware_uart/uart.c.obj
 .debug_loclists
                0x00008eec     0x204d CMakeFiles/HW3.dir/C_/Users/Shree/pico-sdk/src/rp2_common/hardware_clocks/clocks.c.obj
 .debug_loclists
                0x0000af39      0x1b7 CMakeFiles/HW3.dir/C_/Users/Shree/pico-sdk/src/rp2_common/hardware_pll/pll.c.obj
 .debug_loclists
                0x0000b0f0       0x8b CMakeFiles/HW3.dir/C_/Users/Shree/pico-sdk/src/rp2_common/hardware_ticks/ticks.c.obj
 .debug_loclists
                0x0000b17b      0x49b CMakeFiles/HW3.dir/C_/Users/Shree/pico-sdk/src/rp2_common/pico_bootrom/bootrom.c.obj
 .debug_loclists
                0x0000b616       0x28 CMakeFiles/HW3.dir/C_/Users/Shree/pico-sdk/src/rp2_common/pico_bootrom/bootrom_lock.c.obj
 .debug_loclists
                0x0000b63e       0x78 CMakeFiles/HW3.dir/C_/Users/Shree/pico-sdk/src/rp2_common/hardware_boot_lock/boot_lock.c.obj
 .debug_loclists
                0x0000b6b6       0x48 CMakeFiles/HW3.dir/C_/Users/Shree/pico-sdk/src/rp2_common/hardware_xosc/xosc.c.obj
 .debug_loclists
                0x0000b6fe       0x7e CMakeFiles/HW3.dir/C_/Users/Shree/pico-sdk/src/rp2_common/pico_runtime/runtime.c.obj
 .debug_loclists
                0x0000b77c      0x10a CMakeFiles/HW3.dir/C_/Users/Shree/pico-sdk/src/rp2_common/pico_runtime_init/runtime_init.c.obj
 .debug_loclists
                0x0000b886       0x74 CMakeFiles/HW3.dir/C_/Users/Shree/pico-sdk/src/rp2_common/pico_runtime_init/runtime_init_clocks.c.obj
 .debug_loclists
                0x0000b8fa     0x2e21 CMakeFiles/HW3.dir/C_/Users/Shree/pico-sdk/src/rp2_common/pico_printf/printf.c.obj
 .debug_loclists
                0x0000e71b      0x408 CMakeFiles/HW3.dir/C_/Users/Shree/pico-sdk/src/rp2_common/pico_clib_interface/newlib_interface.c.obj
 .debug_loclists
                0x0000eb23      0xb4c CMakeFiles/HW3.dir/C_/Users/Shree/pico-sdk/src/rp2_common/pico_stdio/stdio.c.obj
 .debug_loclists
                0x0000f66f      0x882 CMakeFiles/HW3.dir/C_/Users/Shree/pico-sdk/src/rp2_common/pico_stdio_uart/stdio_uart.c.obj
 .debug_loclists
                0x0000fef1      0xe76 CMakeFiles/HW3.dir/C_/Users/Shree/pico-sdk/src/rp2_common/hardware_i2c/i2c.c.obj

.debug_aranges  0x00000000      0xb90
 .debug_aranges
                0x00000000       0x30 CMakeFiles/HW3.dir/main.c.obj
 .debug_aranges
                0x00000030      0x120 CMakeFiles/HW3.dir/C_/Users/Shree/pico-sdk/src/rp2_common/hardware_gpio/gpio.c.obj
 .debug_aranges
                0x00000150       0x28 CMakeFiles/HW3.dir/C_/Users/Shree/pico-sdk/src/rp2_common/pico_platform_panic/panic.c.obj
 .debug_aranges
                0x00000178       0x48 CMakeFiles/HW3.dir/C_/Users/Shree/pico-sdk/src/common/hardware_claim/claim.c.obj
 .debug_aranges
                0x000001c0       0x48 CMakeFiles/HW3.dir/C_/Users/Shree/pico-sdk/src/rp2_common/hardware_sync/sync.c.obj
 .debug_aranges
                0x00000208       0x30 CMakeFiles/HW3.dir/C_/Users/Shree/pico-sdk/src/rp2_common/hardware_sync_spin_lock/sync_spin_lock.c.obj
 .debug_aranges
                0x00000238       0xb8 CMakeFiles/HW3.dir/C_/Users/Shree/pico-sdk/src/rp2_common/hardware_irq/irq.c.obj
 .debug_aranges
                0x000002f0       0x20 CMakeFiles/HW3.dir/C_/Users/Shree/pico-sdk/src/common/pico_sync/lock_core.c.obj
 .debug_aranges
                0x00000310       0x98 CMakeFiles/HW3.dir/C_/Users/Shree/pico-sdk/src/common/pico_sync/mutex.c.obj
 .debug_aranges
                0x000003a8       0xe0 CMakeFiles/HW3.dir/C_/Users/Shree/pico-sdk/src/common/pico_time/time.c.obj
 .debug_aranges
                0x00000488       0xf0 CMakeFiles/HW3.dir/C_/Users/Shree/pico-sdk/src/rp2_common/hardware_timer/timer.c.obj
 .debug_aranges
                0x00000578       0x58 CMakeFiles/HW3.dir/C_/Users/Shree/pico-sdk/src/rp2_common/hardware_uart/uart.c.obj
 .debug_aranges
                0x000005d0       0x90 CMakeFiles/HW3.dir/C_/Users/Shree/pico-sdk/src/rp2_common/hardware_clocks/clocks.c.obj
 .debug_aranges
                0x00000660       0x28 CMakeFiles/HW3.dir/C_/Users/Shree/pico-sdk/src/rp2_common/hardware_pll/pll.c.obj
 .debug_aranges
                0x00000688       0x30 CMakeFiles/HW3.dir/C_/Users/Shree/pico-sdk/src/rp2_common/hardware_ticks/ticks.c.obj
 .debug_aranges
                0x000006b8       0x58 CMakeFiles/HW3.dir/C_/Users/Shree/pico-sdk/src/rp2_common/pico_bootrom/bootrom.c.obj
 .debug_aranges
                0x00000710       0x20 CMakeFiles/HW3.dir/C_/Users/Shree/pico-sdk/src/rp2_common/pico_bootrom/bootrom_lock.c.obj
 .debug_aranges
                0x00000730       0x30 CMakeFiles/HW3.dir/C_/Users/Shree/pico-sdk/src/rp2_common/hardware_boot_lock/boot_lock.c.obj
 .debug_aranges
                0x00000760       0x30 CMakeFiles/HW3.dir/C_/Users/Shree/pico-sdk/src/rp2_common/hardware_xosc/xosc.c.obj
 .debug_aranges
                0x00000790       0x38 CMakeFiles/HW3.dir/C_/Users/Shree/pico-sdk/src/rp2_common/pico_runtime/runtime.c.obj
 .debug_aranges
                0x000007c8       0x58 CMakeFiles/HW3.dir/C_/Users/Shree/pico-sdk/src/rp2_common/pico_runtime_init/runtime_init.c.obj
 .debug_aranges
                0x00000820       0x20 CMakeFiles/HW3.dir/C_/Users/Shree/pico-sdk/src/rp2_common/pico_runtime_init/runtime_init_clocks.c.obj
 .debug_aranges
                0x00000840       0x18 CMakeFiles/HW3.dir/C_/Users/Shree/pico-sdk/src/rp2_common/pico_standard_binary_info/standard_binary_info.c.obj
 .debug_aranges
                0x00000858       0x90 CMakeFiles/HW3.dir/C_/Users/Shree/pico-sdk/src/rp2_common/pico_printf/printf.c.obj
 .debug_aranges
                0x000008e8       0x28 CMakeFiles/HW3.dir/C_/Users/Shree/pico-sdk/src/rp2_common/pico_crt0/crt0.S.obj
 .debug_aranges
                0x00000910       0xa0 CMakeFiles/HW3.dir/C_/Users/Shree/pico-sdk/src/rp2_common/pico_clib_interface/newlib_interface.c.obj
 .debug_aranges
                0x000009b0       0xc8 CMakeFiles/HW3.dir/C_/Users/Shree/pico-sdk/src/rp2_common/pico_stdio/stdio.c.obj
 .debug_aranges
                0x00000a78       0x80 CMakeFiles/HW3.dir/C_/Users/Shree/pico-sdk/src/rp2_common/pico_stdio_uart/stdio_uart.c.obj
 .debug_aranges
                0x00000af8       0x98 CMakeFiles/HW3.dir/C_/Users/Shree/pico-sdk/src/rp2_common/hardware_i2c/i2c.c.obj

.debug_rnglists
                0x00000000     0x30fd
 .debug_rnglists
                0x00000000       0x88 CMakeFiles/HW3.dir/main.c.obj
 .debug_rnglists
                0x00000088      0x62c CMakeFiles/HW3.dir/C_/Users/Shree/pico-sdk/src/rp2_common/hardware_gpio/gpio.c.obj
 .debug_rnglists
                0x000006b4       0x19 CMakeFiles/HW3.dir/C_/Users/Shree/pico-sdk/src/rp2_common/pico_platform_panic/panic.c.obj
 .debug_rnglists
                0x000006cd       0xf2 CMakeFiles/HW3.dir/C_/Users/Shree/pico-sdk/src/common/hardware_claim/claim.c.obj
 .debug_rnglists
                0x000007bf       0x5b CMakeFiles/HW3.dir/C_/Users/Shree/pico-sdk/src/rp2_common/hardware_sync/sync.c.obj
 .debug_rnglists
                0x0000081a       0x43 CMakeFiles/HW3.dir/C_/Users/Shree/pico-sdk/src/rp2_common/hardware_sync_spin_lock/sync_spin_lock.c.obj
 .debug_rnglists
                0x0000085d      0x3e4 CMakeFiles/HW3.dir/C_/Users/Shree/pico-sdk/src/rp2_common/hardware_irq/irq.c.obj
 .debug_rnglists
                0x00000c41       0x13 CMakeFiles/HW3.dir/C_/Users/Shree/pico-sdk/src/common/pico_sync/lock_core.c.obj
 .debug_rnglists
                0x00000c54      0x2ac CMakeFiles/HW3.dir/C_/Users/Shree/pico-sdk/src/common/pico_sync/mutex.c.obj
 .debug_rnglists
                0x00000f00      0x843 CMakeFiles/HW3.dir/C_/Users/Shree/pico-sdk/src/common/pico_time/time.c.obj
 .debug_rnglists
                0x00001743      0x481 CMakeFiles/HW3.dir/C_/Users/Shree/pico-sdk/src/rp2_common/hardware_timer/timer.c.obj
 .debug_rnglists
                0x00001bc4      0x241 CMakeFiles/HW3.dir/C_/Users/Shree/pico-sdk/src/rp2_common/hardware_uart/uart.c.obj
 .debug_rnglists
                0x00001e05      0x610 CMakeFiles/HW3.dir/C_/Users/Shree/pico-sdk/src/rp2_common/hardware_clocks/clocks.c.obj
 .debug_rnglists
                0x00002415       0x59 CMakeFiles/HW3.dir/C_/Users/Shree/pico-sdk/src/rp2_common/hardware_pll/pll.c.obj
 .debug_rnglists
                0x0000246e       0x2b CMakeFiles/HW3.dir/C_/Users/Shree/pico-sdk/src/rp2_common/hardware_ticks/ticks.c.obj
 .debug_rnglists
                0x00002499       0x9d CMakeFiles/HW3.dir/C_/Users/Shree/pico-sdk/src/rp2_common/pico_bootrom/bootrom.c.obj
 .debug_rnglists
                0x00002536       0x13 CMakeFiles/HW3.dir/C_/Users/Shree/pico-sdk/src/rp2_common/pico_bootrom/bootrom_lock.c.obj
 .debug_rnglists
                0x00002549       0x4f CMakeFiles/HW3.dir/C_/Users/Shree/pico-sdk/src/rp2_common/hardware_boot_lock/boot_lock.c.obj
 .debug_rnglists
                0x00002598       0x2b CMakeFiles/HW3.dir/C_/Users/Shree/pico-sdk/src/rp2_common/hardware_xosc/xosc.c.obj
 .debug_rnglists
                0x000025c3       0x3d CMakeFiles/HW3.dir/C_/Users/Shree/pico-sdk/src/rp2_common/pico_runtime/runtime.c.obj
 .debug_rnglists
                0x00002600       0x70 CMakeFiles/HW3.dir/C_/Users/Shree/pico-sdk/src/rp2_common/pico_runtime_init/runtime_init.c.obj
 .debug_rnglists
                0x00002670       0x2c CMakeFiles/HW3.dir/C_/Users/Shree/pico-sdk/src/rp2_common/pico_runtime_init/runtime_init_clocks.c.obj
 .debug_rnglists
                0x0000269c      0x2fd CMakeFiles/HW3.dir/C_/Users/Shree/pico-sdk/src/rp2_common/pico_printf/printf.c.obj
 .debug_rnglists
                0x00002999       0x1b CMakeFiles/HW3.dir/C_/Users/Shree/pico-sdk/src/rp2_common/pico_crt0/crt0.S.obj
 .debug_rnglists
                0x000029b4       0xaf CMakeFiles/HW3.dir/C_/Users/Shree/pico-sdk/src/rp2_common/pico_clib_interface/newlib_interface.c.obj
 .debug_rnglists
                0x00002a63      0x302 CMakeFiles/HW3.dir/C_/Users/Shree/pico-sdk/src/rp2_common/pico_stdio/stdio.c.obj
 .debug_rnglists
                0x00002d65      0x1f2 CMakeFiles/HW3.dir/C_/Users/Shree/pico-sdk/src/rp2_common/pico_stdio_uart/stdio_uart.c.obj
 .debug_rnglists
                0x00002f57      0x1a6 CMakeFiles/HW3.dir/C_/Users/Shree/pico-sdk/src/rp2_common/hardware_i2c/i2c.c.obj

.debug_line     0x00000000    0x15584
 .debug_line    0x00000000      0x520 CMakeFiles/HW3.dir/main.c.obj
 .debug_line    0x00000520     0x1b43 CMakeFiles/HW3.dir/C_/Users/Shree/pico-sdk/src/rp2_common/hardware_gpio/gpio.c.obj
 .debug_line    0x00002063      0x243 CMakeFiles/HW3.dir/C_/Users/Shree/pico-sdk/src/rp2_common/pico_platform_panic/panic.c.obj
 .debug_line    0x000022a6      0x7b8 CMakeFiles/HW3.dir/C_/Users/Shree/pico-sdk/src/common/hardware_claim/claim.c.obj
 .debug_line    0x00002a5e      0x3d7 CMakeFiles/HW3.dir/C_/Users/Shree/pico-sdk/src/rp2_common/hardware_sync/sync.c.obj
 .debug_line    0x00002e35      0x357 CMakeFiles/HW3.dir/C_/Users/Shree/pico-sdk/src/rp2_common/hardware_sync_spin_lock/sync_spin_lock.c.obj
 .debug_line    0x0000318c     0x1684 CMakeFiles/HW3.dir/C_/Users/Shree/pico-sdk/src/rp2_common/hardware_irq/irq.c.obj
 .debug_line    0x00004810      0x22e CMakeFiles/HW3.dir/C_/Users/Shree/pico-sdk/src/common/pico_sync/lock_core.c.obj
 .debug_line    0x00004a3e     0x1207 CMakeFiles/HW3.dir/C_/Users/Shree/pico-sdk/src/common/pico_sync/mutex.c.obj
 .debug_line    0x00005c45     0x30a3 CMakeFiles/HW3.dir/C_/Users/Shree/pico-sdk/src/common/pico_time/time.c.obj
 .debug_line    0x00008ce8     0x1cd9 CMakeFiles/HW3.dir/C_/Users/Shree/pico-sdk/src/rp2_common/hardware_timer/timer.c.obj
 .debug_line    0x0000a9c1      0xe1d CMakeFiles/HW3.dir/C_/Users/Shree/pico-sdk/src/rp2_common/hardware_uart/uart.c.obj
 .debug_line    0x0000b7de     0x1de5 CMakeFiles/HW3.dir/C_/Users/Shree/pico-sdk/src/rp2_common/hardware_clocks/clocks.c.obj
 .debug_line    0x0000d5c3      0x476 CMakeFiles/HW3.dir/C_/Users/Shree/pico-sdk/src/rp2_common/hardware_pll/pll.c.obj
 .debug_line    0x0000da39      0x2ed CMakeFiles/HW3.dir/C_/Users/Shree/pico-sdk/src/rp2_common/hardware_ticks/ticks.c.obj
 .debug_line    0x0000dd26      0x643 CMakeFiles/HW3.dir/C_/Users/Shree/pico-sdk/src/rp2_common/pico_bootrom/bootrom.c.obj
 .debug_line    0x0000e369      0x34a CMakeFiles/HW3.dir/C_/Users/Shree/pico-sdk/src/rp2_common/pico_bootrom/bootrom_lock.c.obj
 .debug_line    0x0000e6b3      0x3da CMakeFiles/HW3.dir/C_/Users/Shree/pico-sdk/src/rp2_common/hardware_boot_lock/boot_lock.c.obj
 .debug_line    0x0000ea8d      0x30f CMakeFiles/HW3.dir/C_/Users/Shree/pico-sdk/src/rp2_common/hardware_xosc/xosc.c.obj
 .debug_line    0x0000ed9c      0x2d7 CMakeFiles/HW3.dir/C_/Users/Shree/pico-sdk/src/rp2_common/pico_runtime/runtime.c.obj
 .debug_line    0x0000f073      0x56e CMakeFiles/HW3.dir/C_/Users/Shree/pico-sdk/src/rp2_common/pico_runtime_init/runtime_init.c.obj
 .debug_line    0x0000f5e1      0x4fc CMakeFiles/HW3.dir/C_/Users/Shree/pico-sdk/src/rp2_common/pico_runtime_init/runtime_init_clocks.c.obj
 .debug_line    0x0000fadd      0x1be CMakeFiles/HW3.dir/C_/Users/Shree/pico-sdk/src/rp2_common/pico_standard_binary_info/standard_binary_info.c.obj
 .debug_line    0x0000fc9b     0x1b69 CMakeFiles/HW3.dir/C_/Users/Shree/pico-sdk/src/rp2_common/pico_printf/printf.c.obj
 .debug_line    0x00011804       0xa1 CMakeFiles/HW3.dir/C_/Users/Shree/pico-sdk/src/rp2_common/pico_crt0/crt0.S.obj
 .debug_line    0x000118a5      0x7ac CMakeFiles/HW3.dir/C_/Users/Shree/pico-sdk/src/rp2_common/pico_clib_interface/newlib_interface.c.obj
 .debug_line    0x00012051     0x1486 CMakeFiles/HW3.dir/C_/Users/Shree/pico-sdk/src/rp2_common/pico_stdio/stdio.c.obj
 .debug_line    0x000134d7      0xeb1 CMakeFiles/HW3.dir/C_/Users/Shree/pico-sdk/src/rp2_common/pico_stdio_uart/stdio_uart.c.obj
 .debug_line    0x00014388     0x11fc CMakeFiles/HW3.dir/C_/Users/Shree/pico-sdk/src/rp2_common/hardware_i2c/i2c.c.obj

.debug_str      0x00000000     0x56de
 .debug_str     0x00000000     0x56de CMakeFiles/HW3.dir/main.c.obj
                                0x5d7 (size before relaxing)
 .debug_str     0x000056de      0xd19 CMakeFiles/HW3.dir/C_/Users/Shree/pico-sdk/src/rp2_common/hardware_gpio/gpio.c.obj
 .debug_str     0x000056de      0x1fd CMakeFiles/HW3.dir/C_/Users/Shree/pico-sdk/src/rp2_common/pico_platform_panic/panic.c.obj
 .debug_str     0x000056de      0x36f CMakeFiles/HW3.dir/C_/Users/Shree/pico-sdk/src/common/hardware_claim/claim.c.obj
 .debug_str     0x000056de      0x31a CMakeFiles/HW3.dir/C_/Users/Shree/pico-sdk/src/rp2_common/hardware_sync/sync.c.obj
 .debug_str     0x000056de      0xbc7 CMakeFiles/HW3.dir/C_/Users/Shree/pico-sdk/src/rp2_common/hardware_sync_spin_lock/sync_spin_lock.c.obj
 .debug_str     0x000056de      0xc34 CMakeFiles/HW3.dir/C_/Users/Shree/pico-sdk/src/rp2_common/hardware_irq/irq.c.obj
 .debug_str     0x000056de      0x20c CMakeFiles/HW3.dir/C_/Users/Shree/pico-sdk/src/common/pico_sync/lock_core.c.obj
 .debug_str     0x000056de      0x8e0 CMakeFiles/HW3.dir/C_/Users/Shree/pico-sdk/src/common/pico_sync/mutex.c.obj
 .debug_str     0x000056de     0x12fc CMakeFiles/HW3.dir/C_/Users/Shree/pico-sdk/src/common/pico_time/time.c.obj
 .debug_str     0x000056de      0xb9a CMakeFiles/HW3.dir/C_/Users/Shree/pico-sdk/src/rp2_common/hardware_timer/timer.c.obj
 .debug_str     0x000056de      0xe56 CMakeFiles/HW3.dir/C_/Users/Shree/pico-sdk/src/rp2_common/hardware_uart/uart.c.obj
 .debug_str     0x000056de      0xb5b CMakeFiles/HW3.dir/C_/Users/Shree/pico-sdk/src/rp2_common/hardware_clocks/clocks.c.obj
 .debug_str     0x000056de      0x493 CMakeFiles/HW3.dir/C_/Users/Shree/pico-sdk/src/rp2_common/hardware_pll/pll.c.obj
 .debug_str     0x000056de      0x2c0 CMakeFiles/HW3.dir/C_/Users/Shree/pico-sdk/src/rp2_common/hardware_ticks/ticks.c.obj
 .debug_str     0x000056de      0x6b1 CMakeFiles/HW3.dir/C_/Users/Shree/pico-sdk/src/rp2_common/pico_bootrom/bootrom.c.obj
 .debug_str     0x000056de      0x2a8 CMakeFiles/HW3.dir/C_/Users/Shree/pico-sdk/src/rp2_common/pico_bootrom/bootrom_lock.c.obj
 .debug_str     0x000056de      0x286 CMakeFiles/HW3.dir/C_/Users/Shree/pico-sdk/src/rp2_common/hardware_boot_lock/boot_lock.c.obj
 .debug_str     0x000056de      0x239 CMakeFiles/HW3.dir/C_/Users/Shree/pico-sdk/src/rp2_common/hardware_xosc/xosc.c.obj
 .debug_str     0x000056de      0x28f CMakeFiles/HW3.dir/C_/Users/Shree/pico-sdk/src/rp2_common/pico_runtime/runtime.c.obj
 .debug_str     0x000056de     0x11d4 CMakeFiles/HW3.dir/C_/Users/Shree/pico-sdk/src/rp2_common/pico_runtime_init/runtime_init.c.obj
 .debug_str     0x000056de      0x4db CMakeFiles/HW3.dir/C_/Users/Shree/pico-sdk/src/rp2_common/pico_runtime_init/runtime_init_clocks.c.obj
 .debug_str     0x000056de      0x3fe CMakeFiles/HW3.dir/C_/Users/Shree/pico-sdk/src/rp2_common/pico_standard_binary_info/standard_binary_info.c.obj
 .debug_str     0x000056de      0x4a5 CMakeFiles/HW3.dir/C_/Users/Shree/pico-sdk/src/rp2_common/pico_printf/printf.c.obj
 .debug_str     0x000056de       0x6a CMakeFiles/HW3.dir/C_/Users/Shree/pico-sdk/src/rp2_common/pico_crt0/crt0.S.obj
 .debug_str     0x000056de      0x87b CMakeFiles/HW3.dir/C_/Users/Shree/pico-sdk/src/rp2_common/pico_clib_interface/newlib_interface.c.obj
 .debug_str     0x000056de      0xfb7 CMakeFiles/HW3.dir/C_/Users/Shree/pico-sdk/src/rp2_common/pico_stdio/stdio.c.obj
 .debug_str     0x000056de     0x117c CMakeFiles/HW3.dir/C_/Users/Shree/pico-sdk/src/rp2_common/pico_stdio_uart/stdio_uart.c.obj
 .debug_str     0x000056de     0x124e CMakeFiles/HW3.dir/C_/Users/Shree/pico-sdk/src/rp2_common/hardware_i2c/i2c.c.obj

.debug_frame    0x00000000     0x2120
 .debug_frame   0x00000000       0x74 CMakeFiles/HW3.dir/main.c.obj
 .debug_frame   0x00000074      0x384 CMakeFiles/HW3.dir/C_/Users/Shree/pico-sdk/src/rp2_common/hardware_gpio/gpio.c.obj
 .debug_frame   0x000003f8       0x4c CMakeFiles/HW3.dir/C_/Users/Shree/pico-sdk/src/rp2_common/pico_platform_panic/panic.c.obj
 .debug_frame   0x00000444       0x94 CMakeFiles/HW3.dir/C_/Users/Shree/pico-sdk/src/common/hardware_claim/claim.c.obj
 .debug_frame   0x000004d8       0x94 CMakeFiles/HW3.dir/C_/Users/Shree/pico-sdk/src/rp2_common/hardware_sync/sync.c.obj
 .debug_frame   0x0000056c       0x40 CMakeFiles/HW3.dir/C_/Users/Shree/pico-sdk/src/rp2_common/hardware_sync_spin_lock/sync_spin_lock.c.obj
 .debug_frame   0x000005ac      0x1cc CMakeFiles/HW3.dir/C_/Users/Shree/pico-sdk/src/rp2_common/hardware_irq/irq.c.obj
 .debug_frame   0x00000778       0x20 CMakeFiles/HW3.dir/C_/Users/Shree/pico-sdk/src/common/pico_sync/lock_core.c.obj
 .debug_frame   0x00000798      0x1d0 CMakeFiles/HW3.dir/C_/Users/Shree/pico-sdk/src/common/pico_sync/mutex.c.obj
 .debug_frame   0x00000968      0x37c CMakeFiles/HW3.dir/C_/Users/Shree/pico-sdk/src/common/pico_time/time.c.obj
 .debug_frame   0x00000ce4      0x2d8 CMakeFiles/HW3.dir/C_/Users/Shree/pico-sdk/src/rp2_common/hardware_timer/timer.c.obj
 .debug_frame   0x00000fbc       0xfc CMakeFiles/HW3.dir/C_/Users/Shree/pico-sdk/src/rp2_common/hardware_uart/uart.c.obj
 .debug_frame   0x000010b8      0x1f0 CMakeFiles/HW3.dir/C_/Users/Shree/pico-sdk/src/rp2_common/hardware_clocks/clocks.c.obj
 .debug_frame   0x000012a8       0x44 CMakeFiles/HW3.dir/C_/Users/Shree/pico-sdk/src/rp2_common/hardware_pll/pll.c.obj
 .debug_frame   0x000012ec       0x40 CMakeFiles/HW3.dir/C_/Users/Shree/pico-sdk/src/rp2_common/hardware_ticks/ticks.c.obj
 .debug_frame   0x0000132c       0xfc CMakeFiles/HW3.dir/C_/Users/Shree/pico-sdk/src/rp2_common/pico_bootrom/bootrom.c.obj
 .debug_frame   0x00001428       0x20 CMakeFiles/HW3.dir/C_/Users/Shree/pico-sdk/src/rp2_common/pico_bootrom/bootrom_lock.c.obj
 .debug_frame   0x00001448       0x40 CMakeFiles/HW3.dir/C_/Users/Shree/pico-sdk/src/rp2_common/hardware_boot_lock/boot_lock.c.obj
 .debug_frame   0x00001488       0x4c CMakeFiles/HW3.dir/C_/Users/Shree/pico-sdk/src/rp2_common/hardware_xosc/xosc.c.obj
 .debug_frame   0x000014d4       0x70 CMakeFiles/HW3.dir/C_/Users/Shree/pico-sdk/src/rp2_common/pico_runtime/runtime.c.obj
 .debug_frame   0x00001544       0xbc CMakeFiles/HW3.dir/C_/Users/Shree/pico-sdk/src/rp2_common/pico_runtime_init/runtime_init.c.obj
 .debug_frame   0x00001600       0x34 CMakeFiles/HW3.dir/C_/Users/Shree/pico-sdk/src/rp2_common/pico_runtime_init/runtime_init_clocks.c.obj
 .debug_frame   0x00001634      0x2a4 CMakeFiles/HW3.dir/C_/Users/Shree/pico-sdk/src/rp2_common/pico_printf/printf.c.obj
 .debug_frame   0x000018d8      0x180 CMakeFiles/HW3.dir/C_/Users/Shree/pico-sdk/src/rp2_common/pico_clib_interface/newlib_interface.c.obj
 .debug_frame   0x00001a58      0x2e0 CMakeFiles/HW3.dir/C_/Users/Shree/pico-sdk/src/rp2_common/pico_stdio/stdio.c.obj
 .debug_frame   0x00001d38      0x170 CMakeFiles/HW3.dir/C_/Users/Shree/pico-sdk/src/rp2_common/pico_stdio_uart/stdio_uart.c.obj
 .debug_frame   0x00001ea8      0x230 CMakeFiles/HW3.dir/C_/Users/Shree/pico-sdk/src/rp2_common/hardware_i2c/i2c.c.obj
 .debug_frame   0x000020d8       0x28 C:/PROGRA~2/ARMGNU~1/14EFD8~1.2RE/bin/../lib/gcc/arm-none-eabi/14.2.1/thumb/v8-m.main+fp/softfp\libg.a(libc_a-memcpy.o)
 .debug_frame   0x00002100       0x20 C:/PROGRA~2/ARMGNU~1/14EFD8~1.2RE/bin/../lib/gcc/arm-none-eabi/14.2.1/thumb/v8-m.main+fp/softfp\libg.a(libc_a-strlen-stub.o)

.debug_line_str
                0x00000000      0x145
 .debug_line_str
                0x00000000      0x145 CMakeFiles/HW3.dir/C_/Users/Shree/pico-sdk/src/rp2_common/pico_crt0/crt0.S.obj
                                 0x5c (size before relaxing)
 .debug_line_str
                0x00000145       0xe9 C:/PROGRA~2/ARMGNU~1/14EFD8~1.2RE/bin/../lib/gcc/arm-none-eabi/14.2.1/thumb/v8-m.main+fp/softfp\libg.a(libc_a-memcpy.o)
